Archive member included to satisfy reference by file (symbol)

c:/program files (x86)/atollic/truestudio for stm32 9.3.0/armtools/bin/../lib/gcc/arm-atollic-eabi/6.3.1/../../../../arm-atollic-eabi/lib/armv7e-m/fpu\libc_nano.a(lib_a-errno.o)
                              Src\syscalls.o (__errno)
c:/program files (x86)/atollic/truestudio for stm32 9.3.0/armtools/bin/../lib/gcc/arm-atollic-eabi/6.3.1/../../../../arm-atollic-eabi/lib/armv7e-m/fpu\libc_nano.a(lib_a-impure.o)
                              c:/program files (x86)/atollic/truestudio for stm32 9.3.0/armtools/bin/../lib/gcc/arm-atollic-eabi/6.3.1/../../../../arm-atollic-eabi/lib/armv7e-m/fpu\libc_nano.a(lib_a-errno.o) (_impure_ptr)
c:/program files (x86)/atollic/truestudio for stm32 9.3.0/armtools/bin/../lib/gcc/arm-atollic-eabi/6.3.1/../../../../arm-atollic-eabi/lib/armv7e-m/fpu\libc_nano.a(lib_a-init.o)
                              startup\startup_stm32f407xx.o (__libc_init_array)
c:/program files (x86)/atollic/truestudio for stm32 9.3.0/armtools/bin/../lib/gcc/arm-atollic-eabi/6.3.1/../../../../arm-atollic-eabi/lib/armv7e-m/fpu\libc_nano.a(lib_a-memset.o)
                              Src\main.o (memset)
c:/program files (x86)/atollic/truestudio for stm32 9.3.0/armtools/bin/../lib/gcc/arm-atollic-eabi/6.3.1/armv7e-m/fpu\libgcc.a(_aeabi_uldivmod.o)
                              Drivers\STM32F4xx_HAL_Driver\Src\stm32f4xx_hal_rcc.o (__aeabi_uldivmod)
c:/program files (x86)/atollic/truestudio for stm32 9.3.0/armtools/bin/../lib/gcc/arm-atollic-eabi/6.3.1/armv7e-m/fpu\libgcc.a(_udivmoddi4.o)
                              c:/program files (x86)/atollic/truestudio for stm32 9.3.0/armtools/bin/../lib/gcc/arm-atollic-eabi/6.3.1/armv7e-m/fpu\libgcc.a(_aeabi_uldivmod.o) (__udivmoddi4)
c:/program files (x86)/atollic/truestudio for stm32 9.3.0/armtools/bin/../lib/gcc/arm-atollic-eabi/6.3.1/armv7e-m/fpu\libgcc.a(_dvmd_tls.o)
                              c:/program files (x86)/atollic/truestudio for stm32 9.3.0/armtools/bin/../lib/gcc/arm-atollic-eabi/6.3.1/armv7e-m/fpu\libgcc.a(_aeabi_uldivmod.o) (__aeabi_ldiv0)

Allocating common symbols
Common symbol       size              file

uwTick              0x4               Drivers\STM32F4xx_HAL_Driver\Src\stm32f4xx_hal.o
pFlash              0x20              Drivers\STM32F4xx_HAL_Driver\Src\stm32f4xx_hal_flash.o
rx_buffer           0x32              Src\main.o
tx_buffer           0x32              Src\main.o
huart2              0x44              Src\main.o

Discarded input sections

 .text          0x00000000        0x0 c:/program files (x86)/atollic/truestudio for stm32 9.3.0/armtools/bin/../lib/gcc/arm-atollic-eabi/6.3.1/armv7e-m/fpu/crti.o
 .data          0x00000000        0x0 c:/program files (x86)/atollic/truestudio for stm32 9.3.0/armtools/bin/../lib/gcc/arm-atollic-eabi/6.3.1/armv7e-m/fpu/crti.o
 .bss           0x00000000        0x0 c:/program files (x86)/atollic/truestudio for stm32 9.3.0/armtools/bin/../lib/gcc/arm-atollic-eabi/6.3.1/armv7e-m/fpu/crti.o
 .data          0x00000000        0x4 c:/program files (x86)/atollic/truestudio for stm32 9.3.0/armtools/bin/../lib/gcc/arm-atollic-eabi/6.3.1/armv7e-m/fpu/crtbegin.o
 .text          0x00000000        0x0 Drivers\STM32F4xx_HAL_Driver\Src\stm32f4xx_hal.o
 .data          0x00000000        0x0 Drivers\STM32F4xx_HAL_Driver\Src\stm32f4xx_hal.o
 .bss           0x00000000        0x0 Drivers\STM32F4xx_HAL_Driver\Src\stm32f4xx_hal.o
 .text.HAL_DeInit
                0x00000000       0x58 Drivers\STM32F4xx_HAL_Driver\Src\stm32f4xx_hal.o
 .text.HAL_MspInit
                0x00000000        0xe Drivers\STM32F4xx_HAL_Driver\Src\stm32f4xx_hal.o
 .text.HAL_MspDeInit
                0x00000000        0xe Drivers\STM32F4xx_HAL_Driver\Src\stm32f4xx_hal.o
 .text.HAL_GetTickPrio
                0x00000000       0x18 Drivers\STM32F4xx_HAL_Driver\Src\stm32f4xx_hal.o
 .text.HAL_SetTickFreq
                0x00000000       0x50 Drivers\STM32F4xx_HAL_Driver\Src\stm32f4xx_hal.o
 .text.HAL_GetTickFreq
                0x00000000       0x18 Drivers\STM32F4xx_HAL_Driver\Src\stm32f4xx_hal.o
 .text.HAL_Delay
                0x00000000       0x44 Drivers\STM32F4xx_HAL_Driver\Src\stm32f4xx_hal.o
 .text.HAL_SuspendTick
                0x00000000       0x20 Drivers\STM32F4xx_HAL_Driver\Src\stm32f4xx_hal.o
 .text.HAL_ResumeTick
                0x00000000       0x20 Drivers\STM32F4xx_HAL_Driver\Src\stm32f4xx_hal.o
 .text.HAL_GetHalVersion
                0x00000000       0x14 Drivers\STM32F4xx_HAL_Driver\Src\stm32f4xx_hal.o
 .text.HAL_GetREVID
                0x00000000       0x18 Drivers\STM32F4xx_HAL_Driver\Src\stm32f4xx_hal.o
 .text.HAL_GetDEVID
                0x00000000       0x1c Drivers\STM32F4xx_HAL_Driver\Src\stm32f4xx_hal.o
 .text.HAL_DBGMCU_EnableDBGSleepMode
                0x00000000       0x20 Drivers\STM32F4xx_HAL_Driver\Src\stm32f4xx_hal.o
 .text.HAL_DBGMCU_DisableDBGSleepMode
                0x00000000       0x20 Drivers\STM32F4xx_HAL_Driver\Src\stm32f4xx_hal.o
 .text.HAL_DBGMCU_EnableDBGStopMode
                0x00000000       0x20 Drivers\STM32F4xx_HAL_Driver\Src\stm32f4xx_hal.o
 .text.HAL_DBGMCU_DisableDBGStopMode
                0x00000000       0x20 Drivers\STM32F4xx_HAL_Driver\Src\stm32f4xx_hal.o
 .text.HAL_DBGMCU_EnableDBGStandbyMode
                0x00000000       0x20 Drivers\STM32F4xx_HAL_Driver\Src\stm32f4xx_hal.o
 .text.HAL_DBGMCU_DisableDBGStandbyMode
                0x00000000       0x20 Drivers\STM32F4xx_HAL_Driver\Src\stm32f4xx_hal.o
 .text.HAL_EnableCompensationCell
                0x00000000       0x18 Drivers\STM32F4xx_HAL_Driver\Src\stm32f4xx_hal.o
 .text.HAL_DisableCompensationCell
                0x00000000       0x18 Drivers\STM32F4xx_HAL_Driver\Src\stm32f4xx_hal.o
 .text.HAL_GetUIDw0
                0x00000000       0x18 Drivers\STM32F4xx_HAL_Driver\Src\stm32f4xx_hal.o
 .text.HAL_GetUIDw1
                0x00000000       0x18 Drivers\STM32F4xx_HAL_Driver\Src\stm32f4xx_hal.o
 .text.HAL_GetUIDw2
                0x00000000       0x18 Drivers\STM32F4xx_HAL_Driver\Src\stm32f4xx_hal.o
 .text          0x00000000        0x0 Drivers\STM32F4xx_HAL_Driver\Src\stm32f4xx_hal_cortex.o
 .data          0x00000000        0x0 Drivers\STM32F4xx_HAL_Driver\Src\stm32f4xx_hal_cortex.o
 .bss           0x00000000        0x0 Drivers\STM32F4xx_HAL_Driver\Src\stm32f4xx_hal_cortex.o
 .text.__NVIC_EnableIRQ
                0x00000000       0x3c Drivers\STM32F4xx_HAL_Driver\Src\stm32f4xx_hal_cortex.o
 .text.__NVIC_DisableIRQ
                0x00000000       0x44 Drivers\STM32F4xx_HAL_Driver\Src\stm32f4xx_hal_cortex.o
 .text.__NVIC_GetPendingIRQ
                0x00000000       0x44 Drivers\STM32F4xx_HAL_Driver\Src\stm32f4xx_hal_cortex.o
 .text.__NVIC_SetPendingIRQ
                0x00000000       0x3c Drivers\STM32F4xx_HAL_Driver\Src\stm32f4xx_hal_cortex.o
 .text.__NVIC_ClearPendingIRQ
                0x00000000       0x3c Drivers\STM32F4xx_HAL_Driver\Src\stm32f4xx_hal_cortex.o
 .text.__NVIC_GetActive
                0x00000000       0x44 Drivers\STM32F4xx_HAL_Driver\Src\stm32f4xx_hal_cortex.o
 .text.__NVIC_GetPriority
                0x00000000       0x50 Drivers\STM32F4xx_HAL_Driver\Src\stm32f4xx_hal_cortex.o
 .text.NVIC_DecodePriority
                0x00000000       0x6a Drivers\STM32F4xx_HAL_Driver\Src\stm32f4xx_hal_cortex.o
 .text.__NVIC_SystemReset
                0x00000000       0x28 Drivers\STM32F4xx_HAL_Driver\Src\stm32f4xx_hal_cortex.o
 .text.HAL_NVIC_EnableIRQ
                0x00000000       0x1c Drivers\STM32F4xx_HAL_Driver\Src\stm32f4xx_hal_cortex.o
 .text.HAL_NVIC_DisableIRQ
                0x00000000       0x1c Drivers\STM32F4xx_HAL_Driver\Src\stm32f4xx_hal_cortex.o
 .text.HAL_NVIC_SystemReset
                0x00000000        0x8 Drivers\STM32F4xx_HAL_Driver\Src\stm32f4xx_hal_cortex.o
 .text.HAL_MPU_Disable
                0x00000000       0x2c Drivers\STM32F4xx_HAL_Driver\Src\stm32f4xx_hal_cortex.o
 .text.HAL_MPU_Enable
                0x00000000       0x3c Drivers\STM32F4xx_HAL_Driver\Src\stm32f4xx_hal_cortex.o
 .text.HAL_MPU_ConfigRegion
                0x00000000       0x88 Drivers\STM32F4xx_HAL_Driver\Src\stm32f4xx_hal_cortex.o
 .text.HAL_NVIC_GetPriorityGrouping
                0x00000000        0xe Drivers\STM32F4xx_HAL_Driver\Src\stm32f4xx_hal_cortex.o
 .text.HAL_NVIC_GetPriority
                0x00000000       0x2c Drivers\STM32F4xx_HAL_Driver\Src\stm32f4xx_hal_cortex.o
 .text.HAL_NVIC_SetPendingIRQ
                0x00000000       0x1c Drivers\STM32F4xx_HAL_Driver\Src\stm32f4xx_hal_cortex.o
 .text.HAL_NVIC_GetPendingIRQ
                0x00000000       0x1e Drivers\STM32F4xx_HAL_Driver\Src\stm32f4xx_hal_cortex.o
 .text.HAL_NVIC_ClearPendingIRQ
                0x00000000       0x1c Drivers\STM32F4xx_HAL_Driver\Src\stm32f4xx_hal_cortex.o
 .text.HAL_NVIC_GetActive
                0x00000000       0x1e Drivers\STM32F4xx_HAL_Driver\Src\stm32f4xx_hal_cortex.o
 .text.HAL_SYSTICK_CLKSourceConfig
                0x00000000       0x38 Drivers\STM32F4xx_HAL_Driver\Src\stm32f4xx_hal_cortex.o
 .text.HAL_SYSTICK_IRQHandler
                0x00000000        0xc Drivers\STM32F4xx_HAL_Driver\Src\stm32f4xx_hal_cortex.o
 .text.HAL_SYSTICK_Callback
                0x00000000        0xe Drivers\STM32F4xx_HAL_Driver\Src\stm32f4xx_hal_cortex.o
 .text          0x00000000        0x0 Drivers\STM32F4xx_HAL_Driver\Src\stm32f4xx_hal_dma.o
 .data          0x00000000        0x0 Drivers\STM32F4xx_HAL_Driver\Src\stm32f4xx_hal_dma.o
 .bss           0x00000000        0x0 Drivers\STM32F4xx_HAL_Driver\Src\stm32f4xx_hal_dma.o
 .text.HAL_DMA_Init
                0x00000000      0x15c Drivers\STM32F4xx_HAL_Driver\Src\stm32f4xx_hal_dma.o
 .text.HAL_DMA_DeInit
                0x00000000       0xbc Drivers\STM32F4xx_HAL_Driver\Src\stm32f4xx_hal_dma.o
 .text.HAL_DMA_Start
                0x00000000       0x76 Drivers\STM32F4xx_HAL_Driver\Src\stm32f4xx_hal_dma.o
 .text.HAL_DMA_Start_IT
                0x00000000       0xb0 Drivers\STM32F4xx_HAL_Driver\Src\stm32f4xx_hal_dma.o
 .text.HAL_DMA_Abort
                0x00000000       0xe0 Drivers\STM32F4xx_HAL_Driver\Src\stm32f4xx_hal_dma.o
 .text.HAL_DMA_Abort_IT
                0x00000000       0x44 Drivers\STM32F4xx_HAL_Driver\Src\stm32f4xx_hal_dma.o
 .text.HAL_DMA_PollForTransfer
                0x00000000      0x1be Drivers\STM32F4xx_HAL_Driver\Src\stm32f4xx_hal_dma.o
 .text.HAL_DMA_IRQHandler
                0x00000000      0x314 Drivers\STM32F4xx_HAL_Driver\Src\stm32f4xx_hal_dma.o
 .text.HAL_DMA_RegisterCallback
                0x00000000       0xa8 Drivers\STM32F4xx_HAL_Driver\Src\stm32f4xx_hal_dma.o
 .text.HAL_DMA_UnRegisterCallback
                0x00000000       0xd4 Drivers\STM32F4xx_HAL_Driver\Src\stm32f4xx_hal_dma.o
 .text.HAL_DMA_GetState
                0x00000000       0x1c Drivers\STM32F4xx_HAL_Driver\Src\stm32f4xx_hal_dma.o
 .text.HAL_DMA_GetError
                0x00000000       0x18 Drivers\STM32F4xx_HAL_Driver\Src\stm32f4xx_hal_dma.o
 .text.DMA_SetConfig
                0x00000000       0x5c Drivers\STM32F4xx_HAL_Driver\Src\stm32f4xx_hal_dma.o
 .text.DMA_CalcBaseAndBitshift
                0x00000000       0x6c Drivers\STM32F4xx_HAL_Driver\Src\stm32f4xx_hal_dma.o
 .text.DMA_CheckFifoParam
                0x00000000       0xf4 Drivers\STM32F4xx_HAL_Driver\Src\stm32f4xx_hal_dma.o
 .rodata.flagBitshiftOffset.7515
                0x00000000        0x8 Drivers\STM32F4xx_HAL_Driver\Src\stm32f4xx_hal_dma.o
 .debug_info    0x00000000      0x964 Drivers\STM32F4xx_HAL_Driver\Src\stm32f4xx_hal_dma.o
 .debug_abbrev  0x00000000      0x224 Drivers\STM32F4xx_HAL_Driver\Src\stm32f4xx_hal_dma.o
 .debug_aranges
                0x00000000       0x90 Drivers\STM32F4xx_HAL_Driver\Src\stm32f4xx_hal_dma.o
 .debug_ranges  0x00000000       0x80 Drivers\STM32F4xx_HAL_Driver\Src\stm32f4xx_hal_dma.o
 .debug_line    0x00000000      0x504 Drivers\STM32F4xx_HAL_Driver\Src\stm32f4xx_hal_dma.o
 .debug_str     0x00000000      0x86f Drivers\STM32F4xx_HAL_Driver\Src\stm32f4xx_hal_dma.o
 .comment       0x00000000       0x7d Drivers\STM32F4xx_HAL_Driver\Src\stm32f4xx_hal_dma.o
 .debug_frame   0x00000000      0x250 Drivers\STM32F4xx_HAL_Driver\Src\stm32f4xx_hal_dma.o
 .ARM.attributes
                0x00000000       0x39 Drivers\STM32F4xx_HAL_Driver\Src\stm32f4xx_hal_dma.o
 .text          0x00000000        0x0 Drivers\STM32F4xx_HAL_Driver\Src\stm32f4xx_hal_dma_ex.o
 .data          0x00000000        0x0 Drivers\STM32F4xx_HAL_Driver\Src\stm32f4xx_hal_dma_ex.o
 .bss           0x00000000        0x0 Drivers\STM32F4xx_HAL_Driver\Src\stm32f4xx_hal_dma_ex.o
 .text.HAL_DMAEx_MultiBufferStart
                0x00000000       0x96 Drivers\STM32F4xx_HAL_Driver\Src\stm32f4xx_hal_dma_ex.o
 .text.HAL_DMAEx_MultiBufferStart_IT
                0x00000000     0x1478 Drivers\STM32F4xx_HAL_Driver\Src\stm32f4xx_hal_dma_ex.o
 .text.HAL_DMAEx_ChangeMemory
                0x00000000       0x34 Drivers\STM32F4xx_HAL_Driver\Src\stm32f4xx_hal_dma_ex.o
 .text.DMA_MultiBufferSetConfig
                0x00000000       0x4c Drivers\STM32F4xx_HAL_Driver\Src\stm32f4xx_hal_dma_ex.o
 .debug_info    0x00000000      0x5d1 Drivers\STM32F4xx_HAL_Driver\Src\stm32f4xx_hal_dma_ex.o
 .debug_abbrev  0x00000000      0x1ab Drivers\STM32F4xx_HAL_Driver\Src\stm32f4xx_hal_dma_ex.o
 .debug_aranges
                0x00000000       0x38 Drivers\STM32F4xx_HAL_Driver\Src\stm32f4xx_hal_dma_ex.o
 .debug_ranges  0x00000000       0x28 Drivers\STM32F4xx_HAL_Driver\Src\stm32f4xx_hal_dma_ex.o
 .debug_line    0x00000000      0xdd8 Drivers\STM32F4xx_HAL_Driver\Src\stm32f4xx_hal_dma_ex.o
 .debug_str     0x00000000      0x670 Drivers\STM32F4xx_HAL_Driver\Src\stm32f4xx_hal_dma_ex.o
 .comment       0x00000000       0x7d Drivers\STM32F4xx_HAL_Driver\Src\stm32f4xx_hal_dma_ex.o
 .debug_frame   0x00000000       0xac Drivers\STM32F4xx_HAL_Driver\Src\stm32f4xx_hal_dma_ex.o
 .ARM.attributes
                0x00000000       0x39 Drivers\STM32F4xx_HAL_Driver\Src\stm32f4xx_hal_dma_ex.o
 .text          0x00000000        0x0 Drivers\STM32F4xx_HAL_Driver\Src\stm32f4xx_hal_exti.o
 .data          0x00000000        0x0 Drivers\STM32F4xx_HAL_Driver\Src\stm32f4xx_hal_exti.o
 .bss           0x00000000        0x0 Drivers\STM32F4xx_HAL_Driver\Src\stm32f4xx_hal_exti.o
 .text.HAL_EXTI_SetConfigLine
                0x00000000      0x150 Drivers\STM32F4xx_HAL_Driver\Src\stm32f4xx_hal_exti.o
 .text.HAL_EXTI_GetConfigLine
                0x00000000       0xf4 Drivers\STM32F4xx_HAL_Driver\Src\stm32f4xx_hal_exti.o
 .text.HAL_EXTI_ClearConfigLine
                0x00000000       0xc0 Drivers\STM32F4xx_HAL_Driver\Src\stm32f4xx_hal_exti.o
 .text.HAL_EXTI_RegisterCallback
                0x00000000       0x34 Drivers\STM32F4xx_HAL_Driver\Src\stm32f4xx_hal_exti.o
 .text.HAL_EXTI_GetHandle
                0x00000000       0x28 Drivers\STM32F4xx_HAL_Driver\Src\stm32f4xx_hal_exti.o
 .text.HAL_EXTI_IRQHandler
                0x00000000       0x48 Drivers\STM32F4xx_HAL_Driver\Src\stm32f4xx_hal_exti.o
 .text.HAL_EXTI_GetPending
                0x00000000       0x40 Drivers\STM32F4xx_HAL_Driver\Src\stm32f4xx_hal_exti.o
 .text.HAL_EXTI_ClearPending
                0x00000000       0x30 Drivers\STM32F4xx_HAL_Driver\Src\stm32f4xx_hal_exti.o
 .text.HAL_EXTI_GenerateSWI
                0x00000000       0x30 Drivers\STM32F4xx_HAL_Driver\Src\stm32f4xx_hal_exti.o
 .debug_info    0x00000000      0x5e9 Drivers\STM32F4xx_HAL_Driver\Src\stm32f4xx_hal_exti.o
 .debug_abbrev  0x00000000      0x1b7 Drivers\STM32F4xx_HAL_Driver\Src\stm32f4xx_hal_exti.o
 .debug_aranges
                0x00000000       0x60 Drivers\STM32F4xx_HAL_Driver\Src\stm32f4xx_hal_exti.o
 .debug_ranges  0x00000000       0x50 Drivers\STM32F4xx_HAL_Driver\Src\stm32f4xx_hal_exti.o
 .debug_line    0x00000000      0x31e Drivers\STM32F4xx_HAL_Driver\Src\stm32f4xx_hal_exti.o
 .debug_str     0x00000000      0x508 Drivers\STM32F4xx_HAL_Driver\Src\stm32f4xx_hal_exti.o
 .comment       0x00000000       0x7d Drivers\STM32F4xx_HAL_Driver\Src\stm32f4xx_hal_exti.o
 .debug_frame   0x00000000      0x174 Drivers\STM32F4xx_HAL_Driver\Src\stm32f4xx_hal_exti.o
 .ARM.attributes
                0x00000000       0x39 Drivers\STM32F4xx_HAL_Driver\Src\stm32f4xx_hal_exti.o
 .text          0x00000000        0x0 Drivers\STM32F4xx_HAL_Driver\Src\stm32f4xx_hal_flash.o
 .data          0x00000000        0x0 Drivers\STM32F4xx_HAL_Driver\Src\stm32f4xx_hal_flash.o
 .bss           0x00000000        0x0 Drivers\STM32F4xx_HAL_Driver\Src\stm32f4xx_hal_flash.o
 .text.HAL_FLASH_Program
                0x00000000       0xa8 Drivers\STM32F4xx_HAL_Driver\Src\stm32f4xx_hal_flash.o
 .text.HAL_FLASH_Program_IT
                0x00000000       0x9c Drivers\STM32F4xx_HAL_Driver\Src\stm32f4xx_hal_flash.o
 .text.HAL_FLASH_IRQHandler
                0x00000000      0x140 Drivers\STM32F4xx_HAL_Driver\Src\stm32f4xx_hal_flash.o
 .text.HAL_FLASH_EndOfOperationCallback
                0x00000000       0x14 Drivers\STM32F4xx_HAL_Driver\Src\stm32f4xx_hal_flash.o
 .text.HAL_FLASH_OperationErrorCallback
                0x00000000       0x14 Drivers\STM32F4xx_HAL_Driver\Src\stm32f4xx_hal_flash.o
 .text.HAL_FLASH_Unlock
                0x00000000       0x44 Drivers\STM32F4xx_HAL_Driver\Src\stm32f4xx_hal_flash.o
 .text.HAL_FLASH_Lock
                0x00000000       0x20 Drivers\STM32F4xx_HAL_Driver\Src\stm32f4xx_hal_flash.o
 .text.HAL_FLASH_OB_Unlock
                0x00000000       0x38 Drivers\STM32F4xx_HAL_Driver\Src\stm32f4xx_hal_flash.o
 .text.HAL_FLASH_OB_Lock
                0x00000000       0x20 Drivers\STM32F4xx_HAL_Driver\Src\stm32f4xx_hal_flash.o
 .text.HAL_FLASH_OB_Launch
                0x00000000       0x28 Drivers\STM32F4xx_HAL_Driver\Src\stm32f4xx_hal_flash.o
 .text.HAL_FLASH_GetError
                0x00000000       0x18 Drivers\STM32F4xx_HAL_Driver\Src\stm32f4xx_hal_flash.o
 .text.FLASH_WaitForLastOperation
                0x00000000       0x80 Drivers\STM32F4xx_HAL_Driver\Src\stm32f4xx_hal_flash.o
 .text.FLASH_Program_DoubleWord
                0x00000000       0x5c Drivers\STM32F4xx_HAL_Driver\Src\stm32f4xx_hal_flash.o
 .text.FLASH_Program_Word
                0x00000000       0x44 Drivers\STM32F4xx_HAL_Driver\Src\stm32f4xx_hal_flash.o
 .text.FLASH_Program_HalfWord
                0x00000000       0x48 Drivers\STM32F4xx_HAL_Driver\Src\stm32f4xx_hal_flash.o
 .text.FLASH_Program_Byte
                0x00000000       0x44 Drivers\STM32F4xx_HAL_Driver\Src\stm32f4xx_hal_flash.o
 .text.FLASH_SetErrorCode
                0x00000000       0xac Drivers\STM32F4xx_HAL_Driver\Src\stm32f4xx_hal_flash.o
 .debug_info    0x00000000      0x620 Drivers\STM32F4xx_HAL_Driver\Src\stm32f4xx_hal_flash.o
 .debug_abbrev  0x00000000      0x243 Drivers\STM32F4xx_HAL_Driver\Src\stm32f4xx_hal_flash.o
 .debug_aranges
                0x00000000       0xa0 Drivers\STM32F4xx_HAL_Driver\Src\stm32f4xx_hal_flash.o
 .debug_ranges  0x00000000       0x90 Drivers\STM32F4xx_HAL_Driver\Src\stm32f4xx_hal_flash.o
 .debug_line    0x00000000      0x42d Drivers\STM32F4xx_HAL_Driver\Src\stm32f4xx_hal_flash.o
 .debug_str     0x00000000      0x62e Drivers\STM32F4xx_HAL_Driver\Src\stm32f4xx_hal_flash.o
 .comment       0x00000000       0x7d Drivers\STM32F4xx_HAL_Driver\Src\stm32f4xx_hal_flash.o
 .debug_frame   0x00000000      0x27c Drivers\STM32F4xx_HAL_Driver\Src\stm32f4xx_hal_flash.o
 .ARM.attributes
                0x00000000       0x39 Drivers\STM32F4xx_HAL_Driver\Src\stm32f4xx_hal_flash.o
 COMMON         0x00000000       0x20 Drivers\STM32F4xx_HAL_Driver\Src\stm32f4xx_hal_flash.o
 .text          0x00000000        0x0 Drivers\STM32F4xx_HAL_Driver\Src\stm32f4xx_hal_flash_ex.o
 .data          0x00000000        0x0 Drivers\STM32F4xx_HAL_Driver\Src\stm32f4xx_hal_flash_ex.o
 .bss           0x00000000        0x0 Drivers\STM32F4xx_HAL_Driver\Src\stm32f4xx_hal_flash_ex.o
 .text.HAL_FLASHEx_Erase
                0x00000000       0xe0 Drivers\STM32F4xx_HAL_Driver\Src\stm32f4xx_hal_flash_ex.o
 .text.HAL_FLASHEx_Erase_IT
                0x00000000       0xac Drivers\STM32F4xx_HAL_Driver\Src\stm32f4xx_hal_flash_ex.o
 .text.HAL_FLASHEx_OBProgram
                0x00000000       0xdc Drivers\STM32F4xx_HAL_Driver\Src\stm32f4xx_hal_flash_ex.o
 .text.HAL_FLASHEx_OBGetConfig
                0x00000000       0x46 Drivers\STM32F4xx_HAL_Driver\Src\stm32f4xx_hal_flash_ex.o
 .text.FLASH_MassErase
                0x00000000       0x48 Drivers\STM32F4xx_HAL_Driver\Src\stm32f4xx_hal_flash_ex.o
 .text.FLASH_Erase_Sector
                0x00000000       0x90 Drivers\STM32F4xx_HAL_Driver\Src\stm32f4xx_hal_flash_ex.o
 .text.FLASH_OB_EnableWRP
                0x00000000       0x44 Drivers\STM32F4xx_HAL_Driver\Src\stm32f4xx_hal_flash_ex.o
 .text.FLASH_OB_DisableWRP
                0x00000000       0x40 Drivers\STM32F4xx_HAL_Driver\Src\stm32f4xx_hal_flash_ex.o
 .text.FLASH_OB_RDP_LevelConfig
                0x00000000       0x34 Drivers\STM32F4xx_HAL_Driver\Src\stm32f4xx_hal_flash_ex.o
 .text.FLASH_OB_UserConfig
                0x00000000       0x60 Drivers\STM32F4xx_HAL_Driver\Src\stm32f4xx_hal_flash_ex.o
 .text.FLASH_OB_BOR_LevelConfig
                0x00000000       0x3c Drivers\STM32F4xx_HAL_Driver\Src\stm32f4xx_hal_flash_ex.o
 .text.FLASH_OB_GetUser
                0x00000000       0x20 Drivers\STM32F4xx_HAL_Driver\Src\stm32f4xx_hal_flash_ex.o
 .text.FLASH_OB_GetWRP
                0x00000000       0x18 Drivers\STM32F4xx_HAL_Driver\Src\stm32f4xx_hal_flash_ex.o
 .text.FLASH_OB_GetRDP
                0x00000000       0x40 Drivers\STM32F4xx_HAL_Driver\Src\stm32f4xx_hal_flash_ex.o
 .text.FLASH_OB_GetBOR
                0x00000000       0x20 Drivers\STM32F4xx_HAL_Driver\Src\stm32f4xx_hal_flash_ex.o
 .text.FLASH_FlushCaches
                0x00000000       0x8c Drivers\STM32F4xx_HAL_Driver\Src\stm32f4xx_hal_flash_ex.o
 .debug_info    0x00000000      0x71f Drivers\STM32F4xx_HAL_Driver\Src\stm32f4xx_hal_flash_ex.o
 .debug_abbrev  0x00000000      0x21b Drivers\STM32F4xx_HAL_Driver\Src\stm32f4xx_hal_flash_ex.o
 .debug_aranges
                0x00000000       0x98 Drivers\STM32F4xx_HAL_Driver\Src\stm32f4xx_hal_flash_ex.o
 .debug_ranges  0x00000000       0x88 Drivers\STM32F4xx_HAL_Driver\Src\stm32f4xx_hal_flash_ex.o
 .debug_line    0x00000000      0x426 Drivers\STM32F4xx_HAL_Driver\Src\stm32f4xx_hal_flash_ex.o
 .debug_str     0x00000000      0x694 Drivers\STM32F4xx_HAL_Driver\Src\stm32f4xx_hal_flash_ex.o
 .comment       0x00000000       0x7d Drivers\STM32F4xx_HAL_Driver\Src\stm32f4xx_hal_flash_ex.o
 .debug_frame   0x00000000      0x250 Drivers\STM32F4xx_HAL_Driver\Src\stm32f4xx_hal_flash_ex.o
 .ARM.attributes
                0x00000000       0x39 Drivers\STM32F4xx_HAL_Driver\Src\stm32f4xx_hal_flash_ex.o
 .text          0x00000000        0x0 Drivers\STM32F4xx_HAL_Driver\Src\stm32f4xx_hal_flash_ramfunc.o
 .data          0x00000000        0x0 Drivers\STM32F4xx_HAL_Driver\Src\stm32f4xx_hal_flash_ramfunc.o
 .bss           0x00000000        0x0 Drivers\STM32F4xx_HAL_Driver\Src\stm32f4xx_hal_flash_ramfunc.o
 .debug_info    0x00000000      0x16b Drivers\STM32F4xx_HAL_Driver\Src\stm32f4xx_hal_flash_ramfunc.o
 .debug_abbrev  0x00000000       0x8d Drivers\STM32F4xx_HAL_Driver\Src\stm32f4xx_hal_flash_ramfunc.o
 .debug_aranges
                0x00000000       0x18 Drivers\STM32F4xx_HAL_Driver\Src\stm32f4xx_hal_flash_ramfunc.o
 .debug_line    0x00000000      0x1a3 Drivers\STM32F4xx_HAL_Driver\Src\stm32f4xx_hal_flash_ramfunc.o
 .debug_str     0x00000000      0x2f5 Drivers\STM32F4xx_HAL_Driver\Src\stm32f4xx_hal_flash_ramfunc.o
 .comment       0x00000000       0x7d Drivers\STM32F4xx_HAL_Driver\Src\stm32f4xx_hal_flash_ramfunc.o
 .ARM.attributes
                0x00000000       0x39 Drivers\STM32F4xx_HAL_Driver\Src\stm32f4xx_hal_flash_ramfunc.o
 .text          0x00000000        0x0 Drivers\STM32F4xx_HAL_Driver\Src\stm32f4xx_hal_gpio.o
 .data          0x00000000        0x0 Drivers\STM32F4xx_HAL_Driver\Src\stm32f4xx_hal_gpio.o
 .bss           0x00000000        0x0 Drivers\STM32F4xx_HAL_Driver\Src\stm32f4xx_hal_gpio.o
 .text.HAL_GPIO_DeInit
                0x00000000      0x1f8 Drivers\STM32F4xx_HAL_Driver\Src\stm32f4xx_hal_gpio.o
 .text.HAL_GPIO_ReadPin
                0x00000000       0x30 Drivers\STM32F4xx_HAL_Driver\Src\stm32f4xx_hal_gpio.o
 .text.HAL_GPIO_TogglePin
                0x00000000       0x34 Drivers\STM32F4xx_HAL_Driver\Src\stm32f4xx_hal_gpio.o
 .text.HAL_GPIO_LockPin
                0x00000000       0x50 Drivers\STM32F4xx_HAL_Driver\Src\stm32f4xx_hal_gpio.o
 .text.HAL_GPIO_EXTI_IRQHandler
                0x00000000       0x30 Drivers\STM32F4xx_HAL_Driver\Src\stm32f4xx_hal_gpio.o
 .text.HAL_GPIO_EXTI_Callback
                0x00000000       0x16 Drivers\STM32F4xx_HAL_Driver\Src\stm32f4xx_hal_gpio.o
 .text          0x00000000        0x0 Drivers\STM32F4xx_HAL_Driver\Src\stm32f4xx_hal_pwr.o
 .data          0x00000000        0x0 Drivers\STM32F4xx_HAL_Driver\Src\stm32f4xx_hal_pwr.o
 .bss           0x00000000        0x0 Drivers\STM32F4xx_HAL_Driver\Src\stm32f4xx_hal_pwr.o
 .text.HAL_PWR_DeInit
                0x00000000       0x2c Drivers\STM32F4xx_HAL_Driver\Src\stm32f4xx_hal_pwr.o
 .text.HAL_PWR_EnableBkUpAccess
                0x00000000       0x28 Drivers\STM32F4xx_HAL_Driver\Src\stm32f4xx_hal_pwr.o
 .text.HAL_PWR_DisableBkUpAccess
                0x00000000       0x28 Drivers\STM32F4xx_HAL_Driver\Src\stm32f4xx_hal_pwr.o
 .text.HAL_PWR_ConfigPVD
                0x00000000       0xc0 Drivers\STM32F4xx_HAL_Driver\Src\stm32f4xx_hal_pwr.o
 .text.HAL_PWR_EnablePVD
                0x00000000       0x18 Drivers\STM32F4xx_HAL_Driver\Src\stm32f4xx_hal_pwr.o
 .text.HAL_PWR_DisablePVD
                0x00000000       0x18 Drivers\STM32F4xx_HAL_Driver\Src\stm32f4xx_hal_pwr.o
 .text.HAL_PWR_EnableWakeUpPin
                0x00000000       0x24 Drivers\STM32F4xx_HAL_Driver\Src\stm32f4xx_hal_pwr.o
 .text.HAL_PWR_DisableWakeUpPin
                0x00000000       0x28 Drivers\STM32F4xx_HAL_Driver\Src\stm32f4xx_hal_pwr.o
 .text.HAL_PWR_EnterSLEEPMode
                0x00000000       0x38 Drivers\STM32F4xx_HAL_Driver\Src\stm32f4xx_hal_pwr.o
 .text.HAL_PWR_EnterSTOPMode
                0x00000000       0x58 Drivers\STM32F4xx_HAL_Driver\Src\stm32f4xx_hal_pwr.o
 .text.HAL_PWR_EnterSTANDBYMode
                0x00000000       0x30 Drivers\STM32F4xx_HAL_Driver\Src\stm32f4xx_hal_pwr.o
 .text.HAL_PWR_PVD_IRQHandler
                0x00000000       0x24 Drivers\STM32F4xx_HAL_Driver\Src\stm32f4xx_hal_pwr.o
 .text.HAL_PWR_PVDCallback
                0x00000000        0xe Drivers\STM32F4xx_HAL_Driver\Src\stm32f4xx_hal_pwr.o
 .text.HAL_PWR_EnableSleepOnExit
                0x00000000       0x20 Drivers\STM32F4xx_HAL_Driver\Src\stm32f4xx_hal_pwr.o
 .text.HAL_PWR_DisableSleepOnExit
                0x00000000       0x20 Drivers\STM32F4xx_HAL_Driver\Src\stm32f4xx_hal_pwr.o
 .text.HAL_PWR_EnableSEVOnPend
                0x00000000       0x20 Drivers\STM32F4xx_HAL_Driver\Src\stm32f4xx_hal_pwr.o
 .text.HAL_PWR_DisableSEVOnPend
                0x00000000       0x20 Drivers\STM32F4xx_HAL_Driver\Src\stm32f4xx_hal_pwr.o
 .debug_info    0x00000000      0x78f Drivers\STM32F4xx_HAL_Driver\Src\stm32f4xx_hal_pwr.o
 .debug_abbrev  0x00000000      0x191 Drivers\STM32F4xx_HAL_Driver\Src\stm32f4xx_hal_pwr.o
 .debug_aranges
                0x00000000       0xa0 Drivers\STM32F4xx_HAL_Driver\Src\stm32f4xx_hal_pwr.o
 .debug_ranges  0x00000000       0x90 Drivers\STM32F4xx_HAL_Driver\Src\stm32f4xx_hal_pwr.o
 .debug_line    0x00000000      0x36a Drivers\STM32F4xx_HAL_Driver\Src\stm32f4xx_hal_pwr.o
 .debug_str     0x00000000      0x656 Drivers\STM32F4xx_HAL_Driver\Src\stm32f4xx_hal_pwr.o
 .comment       0x00000000       0x7d Drivers\STM32F4xx_HAL_Driver\Src\stm32f4xx_hal_pwr.o
 .debug_frame   0x00000000      0x264 Drivers\STM32F4xx_HAL_Driver\Src\stm32f4xx_hal_pwr.o
 .ARM.attributes
                0x00000000       0x39 Drivers\STM32F4xx_HAL_Driver\Src\stm32f4xx_hal_pwr.o
 .text          0x00000000        0x0 Drivers\STM32F4xx_HAL_Driver\Src\stm32f4xx_hal_pwr_ex.o
 .data          0x00000000        0x0 Drivers\STM32F4xx_HAL_Driver\Src\stm32f4xx_hal_pwr_ex.o
 .bss           0x00000000        0x0 Drivers\STM32F4xx_HAL_Driver\Src\stm32f4xx_hal_pwr_ex.o
 .text.HAL_PWREx_EnableBkUpReg
                0x00000000       0x4c Drivers\STM32F4xx_HAL_Driver\Src\stm32f4xx_hal_pwr_ex.o
 .text.HAL_PWREx_DisableBkUpReg
                0x00000000       0x4c Drivers\STM32F4xx_HAL_Driver\Src\stm32f4xx_hal_pwr_ex.o
 .text.HAL_PWREx_EnableFlashPowerDown
                0x00000000       0x18 Drivers\STM32F4xx_HAL_Driver\Src\stm32f4xx_hal_pwr_ex.o
 .text.HAL_PWREx_DisableFlashPowerDown
                0x00000000       0x18 Drivers\STM32F4xx_HAL_Driver\Src\stm32f4xx_hal_pwr_ex.o
 .text.HAL_PWREx_GetVoltageRange
                0x00000000       0x1c Drivers\STM32F4xx_HAL_Driver\Src\stm32f4xx_hal_pwr_ex.o
 .text.HAL_PWREx_ControlVoltageScaling
                0x00000000       0x84 Drivers\STM32F4xx_HAL_Driver\Src\stm32f4xx_hal_pwr_ex.o
 .debug_info    0x00000000      0x49c Drivers\STM32F4xx_HAL_Driver\Src\stm32f4xx_hal_pwr_ex.o
 .debug_abbrev  0x00000000      0x16c Drivers\STM32F4xx_HAL_Driver\Src\stm32f4xx_hal_pwr_ex.o
 .debug_aranges
                0x00000000       0x48 Drivers\STM32F4xx_HAL_Driver\Src\stm32f4xx_hal_pwr_ex.o
 .debug_ranges  0x00000000       0x38 Drivers\STM32F4xx_HAL_Driver\Src\stm32f4xx_hal_pwr_ex.o
 .debug_line    0x00000000      0x29a Drivers\STM32F4xx_HAL_Driver\Src\stm32f4xx_hal_pwr_ex.o
 .debug_str     0x00000000      0x50d Drivers\STM32F4xx_HAL_Driver\Src\stm32f4xx_hal_pwr_ex.o
 .comment       0x00000000       0x7d Drivers\STM32F4xx_HAL_Driver\Src\stm32f4xx_hal_pwr_ex.o
 .debug_frame   0x00000000       0xdc Drivers\STM32F4xx_HAL_Driver\Src\stm32f4xx_hal_pwr_ex.o
 .ARM.attributes
                0x00000000       0x39 Drivers\STM32F4xx_HAL_Driver\Src\stm32f4xx_hal_pwr_ex.o
 .text          0x00000000        0x0 Drivers\STM32F4xx_HAL_Driver\Src\stm32f4xx_hal_rcc.o
 .data          0x00000000        0x0 Drivers\STM32F4xx_HAL_Driver\Src\stm32f4xx_hal_rcc.o
 .bss           0x00000000        0x0 Drivers\STM32F4xx_HAL_Driver\Src\stm32f4xx_hal_rcc.o
 .text.HAL_RCC_DeInit
                0x00000000       0x10 Drivers\STM32F4xx_HAL_Driver\Src\stm32f4xx_hal_rcc.o
 .text.HAL_RCC_MCOConfig
                0x00000000       0xd0 Drivers\STM32F4xx_HAL_Driver\Src\stm32f4xx_hal_rcc.o
 .text.HAL_RCC_EnableCSS
                0x00000000       0x18 Drivers\STM32F4xx_HAL_Driver\Src\stm32f4xx_hal_rcc.o
 .text.HAL_RCC_DisableCSS
                0x00000000       0x18 Drivers\STM32F4xx_HAL_Driver\Src\stm32f4xx_hal_rcc.o
 .text.HAL_RCC_GetOscConfig
                0x00000000      0x128 Drivers\STM32F4xx_HAL_Driver\Src\stm32f4xx_hal_rcc.o
 .text.HAL_RCC_GetClockConfig
                0x00000000       0x64 Drivers\STM32F4xx_HAL_Driver\Src\stm32f4xx_hal_rcc.o
 .text.HAL_RCC_NMI_IRQHandler
                0x00000000       0x28 Drivers\STM32F4xx_HAL_Driver\Src\stm32f4xx_hal_rcc.o
 .text.HAL_RCC_CSSCallback
                0x00000000        0xe Drivers\STM32F4xx_HAL_Driver\Src\stm32f4xx_hal_rcc.o
 .text          0x00000000        0x0 Drivers\STM32F4xx_HAL_Driver\Src\stm32f4xx_hal_rcc_ex.o
 .data          0x00000000        0x0 Drivers\STM32F4xx_HAL_Driver\Src\stm32f4xx_hal_rcc_ex.o
 .bss           0x00000000        0x0 Drivers\STM32F4xx_HAL_Driver\Src\stm32f4xx_hal_rcc_ex.o
 .text.HAL_RCCEx_PeriphCLKConfig
                0x00000000      0x1c4 Drivers\STM32F4xx_HAL_Driver\Src\stm32f4xx_hal_rcc_ex.o
 .text.HAL_RCCEx_GetPeriphCLKConfig
                0x00000000       0x58 Drivers\STM32F4xx_HAL_Driver\Src\stm32f4xx_hal_rcc_ex.o
 .text.HAL_RCCEx_GetPeriphCLKFreq
                0x00000000       0xb8 Drivers\STM32F4xx_HAL_Driver\Src\stm32f4xx_hal_rcc_ex.o
 .text.HAL_RCCEx_EnablePLLI2S
                0x00000000       0x88 Drivers\STM32F4xx_HAL_Driver\Src\stm32f4xx_hal_rcc_ex.o
 .text.HAL_RCCEx_DisablePLLI2S
                0x00000000       0x44 Drivers\STM32F4xx_HAL_Driver\Src\stm32f4xx_hal_rcc_ex.o
 .text.HAL_RCC_DeInit
                0x00000000      0x19c Drivers\STM32F4xx_HAL_Driver\Src\stm32f4xx_hal_rcc_ex.o
 .debug_info    0x00000000      0x5ad Drivers\STM32F4xx_HAL_Driver\Src\stm32f4xx_hal_rcc_ex.o
 .debug_abbrev  0x00000000      0x16e Drivers\STM32F4xx_HAL_Driver\Src\stm32f4xx_hal_rcc_ex.o
 .debug_aranges
                0x00000000       0x48 Drivers\STM32F4xx_HAL_Driver\Src\stm32f4xx_hal_rcc_ex.o
 .debug_ranges  0x00000000       0x38 Drivers\STM32F4xx_HAL_Driver\Src\stm32f4xx_hal_rcc_ex.o
 .debug_line    0x00000000      0x35a Drivers\STM32F4xx_HAL_Driver\Src\stm32f4xx_hal_rcc_ex.o
 .debug_str     0x00000000      0x5a8 Drivers\STM32F4xx_HAL_Driver\Src\stm32f4xx_hal_rcc_ex.o
 .comment       0x00000000       0x7d Drivers\STM32F4xx_HAL_Driver\Src\stm32f4xx_hal_rcc_ex.o
 .debug_frame   0x00000000       0xf0 Drivers\STM32F4xx_HAL_Driver\Src\stm32f4xx_hal_rcc_ex.o
 .ARM.attributes
                0x00000000       0x39 Drivers\STM32F4xx_HAL_Driver\Src\stm32f4xx_hal_rcc_ex.o
 .text          0x00000000        0x0 Drivers\STM32F4xx_HAL_Driver\Src\stm32f4xx_hal_tim.o
 .data          0x00000000        0x0 Drivers\STM32F4xx_HAL_Driver\Src\stm32f4xx_hal_tim.o
 .bss           0x00000000        0x0 Drivers\STM32F4xx_HAL_Driver\Src\stm32f4xx_hal_tim.o
 .debug_info    0x00000000      0x16b Drivers\STM32F4xx_HAL_Driver\Src\stm32f4xx_hal_tim.o
 .debug_abbrev  0x00000000       0x8d Drivers\STM32F4xx_HAL_Driver\Src\stm32f4xx_hal_tim.o
 .debug_aranges
                0x00000000       0x18 Drivers\STM32F4xx_HAL_Driver\Src\stm32f4xx_hal_tim.o
 .debug_line    0x00000000      0x1a3 Drivers\STM32F4xx_HAL_Driver\Src\stm32f4xx_hal_tim.o
 .debug_str     0x00000000      0x2eb Drivers\STM32F4xx_HAL_Driver\Src\stm32f4xx_hal_tim.o
 .comment       0x00000000       0x7d Drivers\STM32F4xx_HAL_Driver\Src\stm32f4xx_hal_tim.o
 .ARM.attributes
                0x00000000       0x39 Drivers\STM32F4xx_HAL_Driver\Src\stm32f4xx_hal_tim.o
 .text          0x00000000        0x0 Drivers\STM32F4xx_HAL_Driver\Src\stm32f4xx_hal_tim_ex.o
 .data          0x00000000        0x0 Drivers\STM32F4xx_HAL_Driver\Src\stm32f4xx_hal_tim_ex.o
 .bss           0x00000000        0x0 Drivers\STM32F4xx_HAL_Driver\Src\stm32f4xx_hal_tim_ex.o
 .debug_info    0x00000000      0x16b Drivers\STM32F4xx_HAL_Driver\Src\stm32f4xx_hal_tim_ex.o
 .debug_abbrev  0x00000000       0x8d Drivers\STM32F4xx_HAL_Driver\Src\stm32f4xx_hal_tim_ex.o
 .debug_aranges
                0x00000000       0x18 Drivers\STM32F4xx_HAL_Driver\Src\stm32f4xx_hal_tim_ex.o
 .debug_line    0x00000000      0x1a3 Drivers\STM32F4xx_HAL_Driver\Src\stm32f4xx_hal_tim_ex.o
 .debug_str     0x00000000      0x2ee Drivers\STM32F4xx_HAL_Driver\Src\stm32f4xx_hal_tim_ex.o
 .comment       0x00000000       0x7d Drivers\STM32F4xx_HAL_Driver\Src\stm32f4xx_hal_tim_ex.o
 .ARM.attributes
                0x00000000       0x39 Drivers\STM32F4xx_HAL_Driver\Src\stm32f4xx_hal_tim_ex.o
 .text          0x00000000        0x0 Drivers\STM32F4xx_HAL_Driver\Src\stm32f4xx_hal_uart.o
 .data          0x00000000        0x0 Drivers\STM32F4xx_HAL_Driver\Src\stm32f4xx_hal_uart.o
 .bss           0x00000000        0x0 Drivers\STM32F4xx_HAL_Driver\Src\stm32f4xx_hal_uart.o
 .text.HAL_HalfDuplex_Init
                0x00000000       0xaa Drivers\STM32F4xx_HAL_Driver\Src\stm32f4xx_hal_uart.o
 .text.HAL_LIN_Init
                0x00000000       0xcc Drivers\STM32F4xx_HAL_Driver\Src\stm32f4xx_hal_uart.o
 .text.HAL_MultiProcessor_Init
                0x00000000       0xe0 Drivers\STM32F4xx_HAL_Driver\Src\stm32f4xx_hal_uart.o
 .text.HAL_UART_DeInit
                0x00000000       0x5e Drivers\STM32F4xx_HAL_Driver\Src\stm32f4xx_hal_uart.o
 .text.HAL_UART_MspInit
                0x00000000       0x14 Drivers\STM32F4xx_HAL_Driver\Src\stm32f4xx_hal_uart.o
 .text.HAL_UART_MspDeInit
                0x00000000       0x14 Drivers\STM32F4xx_HAL_Driver\Src\stm32f4xx_hal_uart.o
 .text.HAL_UART_Transmit
                0x00000000      0x122 Drivers\STM32F4xx_HAL_Driver\Src\stm32f4xx_hal_uart.o
 .text.HAL_UART_Transmit_IT
                0x00000000       0x8a Drivers\STM32F4xx_HAL_Driver\Src\stm32f4xx_hal_uart.o
 .text.HAL_UART_Receive_IT
                0x00000000       0x60 Drivers\STM32F4xx_HAL_Driver\Src\stm32f4xx_hal_uart.o
 .text.HAL_UART_Transmit_DMA
                0x00000000       0xfc Drivers\STM32F4xx_HAL_Driver\Src\stm32f4xx_hal_uart.o
 .text.HAL_UART_Receive_DMA
                0x00000000       0x60 Drivers\STM32F4xx_HAL_Driver\Src\stm32f4xx_hal_uart.o
 .text.HAL_UART_DMAPause
                0x00000000      0x158 Drivers\STM32F4xx_HAL_Driver\Src\stm32f4xx_hal_uart.o
 .text.HAL_UART_DMAResume
                0x00000000      0x132 Drivers\STM32F4xx_HAL_Driver\Src\stm32f4xx_hal_uart.o
 .text.HAL_UART_DMAStop
                0x00000000       0xfe Drivers\STM32F4xx_HAL_Driver\Src\stm32f4xx_hal_uart.o
 .text.HAL_UARTEx_ReceiveToIdle
                0x00000000      0x1ba Drivers\STM32F4xx_HAL_Driver\Src\stm32f4xx_hal_uart.o
 .text.HAL_UARTEx_ReceiveToIdle_IT
                0x00000000       0xca Drivers\STM32F4xx_HAL_Driver\Src\stm32f4xx_hal_uart.o
 .text.HAL_UARTEx_ReceiveToIdle_DMA
                0x00000000       0xca Drivers\STM32F4xx_HAL_Driver\Src\stm32f4xx_hal_uart.o
 .text.HAL_UART_Abort
                0x00000000      0x1d6 Drivers\STM32F4xx_HAL_Driver\Src\stm32f4xx_hal_uart.o
 .text.HAL_UART_AbortTransmit
                0x00000000       0xd0 Drivers\STM32F4xx_HAL_Driver\Src\stm32f4xx_hal_uart.o
 .text.HAL_UART_AbortReceive
                0x00000000      0x146 Drivers\STM32F4xx_HAL_Driver\Src\stm32f4xx_hal_uart.o
 .text.HAL_UART_Abort_IT
                0x00000000      0x228 Drivers\STM32F4xx_HAL_Driver\Src\stm32f4xx_hal_uart.o
 .text.HAL_UART_AbortTransmit_IT
                0x00000000       0xe8 Drivers\STM32F4xx_HAL_Driver\Src\stm32f4xx_hal_uart.o
 .text.HAL_UART_AbortReceive_IT
                0x00000000      0x164 Drivers\STM32F4xx_HAL_Driver\Src\stm32f4xx_hal_uart.o
 .text.HAL_UART_IRQHandler
                0x00000000      0x51c Drivers\STM32F4xx_HAL_Driver\Src\stm32f4xx_hal_uart.o
 .text.HAL_UART_TxCpltCallback
                0x00000000       0x14 Drivers\STM32F4xx_HAL_Driver\Src\stm32f4xx_hal_uart.o
 .text.HAL_UART_TxHalfCpltCallback
                0x00000000       0x14 Drivers\STM32F4xx_HAL_Driver\Src\stm32f4xx_hal_uart.o
 .text.HAL_UART_RxCpltCallback
                0x00000000       0x14 Drivers\STM32F4xx_HAL_Driver\Src\stm32f4xx_hal_uart.o
 .text.HAL_UART_RxHalfCpltCallback
                0x00000000       0x14 Drivers\STM32F4xx_HAL_Driver\Src\stm32f4xx_hal_uart.o
 .text.HAL_UART_ErrorCallback
                0x00000000       0x14 Drivers\STM32F4xx_HAL_Driver\Src\stm32f4xx_hal_uart.o
 .text.HAL_UART_AbortCpltCallback
                0x00000000       0x14 Drivers\STM32F4xx_HAL_Driver\Src\stm32f4xx_hal_uart.o
 .text.HAL_UART_AbortTransmitCpltCallback
                0x00000000       0x14 Drivers\STM32F4xx_HAL_Driver\Src\stm32f4xx_hal_uart.o
 .text.HAL_UART_AbortReceiveCpltCallback
                0x00000000       0x14 Drivers\STM32F4xx_HAL_Driver\Src\stm32f4xx_hal_uart.o
 .text.HAL_UARTEx_RxEventCallback
                0x00000000       0x18 Drivers\STM32F4xx_HAL_Driver\Src\stm32f4xx_hal_uart.o
 .text.HAL_LIN_SendBreak
                0x00000000       0x78 Drivers\STM32F4xx_HAL_Driver\Src\stm32f4xx_hal_uart.o
 .text.HAL_MultiProcessor_EnterMuteMode
                0x00000000       0x78 Drivers\STM32F4xx_HAL_Driver\Src\stm32f4xx_hal_uart.o
 .text.HAL_MultiProcessor_ExitMuteMode
                0x00000000       0x78 Drivers\STM32F4xx_HAL_Driver\Src\stm32f4xx_hal_uart.o
 .text.HAL_HalfDuplex_EnableTransmitter
                0x00000000       0x68 Drivers\STM32F4xx_HAL_Driver\Src\stm32f4xx_hal_uart.o
 .text.HAL_HalfDuplex_EnableReceiver
                0x00000000       0x68 Drivers\STM32F4xx_HAL_Driver\Src\stm32f4xx_hal_uart.o
 .text.HAL_UART_GetState
                0x00000000       0x3c Drivers\STM32F4xx_HAL_Driver\Src\stm32f4xx_hal_uart.o
 .text.HAL_UART_GetError
                0x00000000       0x18 Drivers\STM32F4xx_HAL_Driver\Src\stm32f4xx_hal_uart.o
 .text.UART_DMATransmitCplt
                0x00000000       0x9a Drivers\STM32F4xx_HAL_Driver\Src\stm32f4xx_hal_uart.o
 .text.UART_DMATxHalfCplt
                0x00000000       0x1c Drivers\STM32F4xx_HAL_Driver\Src\stm32f4xx_hal_uart.o
 .text.UART_DMAReceiveCplt
                0x00000000      0x126 Drivers\STM32F4xx_HAL_Driver\Src\stm32f4xx_hal_uart.o
 .text.UART_DMARxHalfCplt
                0x00000000       0x36 Drivers\STM32F4xx_HAL_Driver\Src\stm32f4xx_hal_uart.o
 .text.UART_DMAError
                0x00000000       0x94 Drivers\STM32F4xx_HAL_Driver\Src\stm32f4xx_hal_uart.o
 .text.UART_Start_Receive_IT
                0x00000000       0x74 Drivers\STM32F4xx_HAL_Driver\Src\stm32f4xx_hal_uart.o
 .text.UART_Start_Receive_DMA
                0x00000000      0x134 Drivers\STM32F4xx_HAL_Driver\Src\stm32f4xx_hal_uart.o
 .text.UART_EndTxTransfer
                0x00000000       0x50 Drivers\STM32F4xx_HAL_Driver\Src\stm32f4xx_hal_uart.o
 .text.UART_EndRxTransfer
                0x00000000       0xc6 Drivers\STM32F4xx_HAL_Driver\Src\stm32f4xx_hal_uart.o
 .text.UART_DMAAbortOnError
                0x00000000       0x28 Drivers\STM32F4xx_HAL_Driver\Src\stm32f4xx_hal_uart.o
 .text.UART_DMATxAbortCallback
                0x00000000       0x60 Drivers\STM32F4xx_HAL_Driver\Src\stm32f4xx_hal_uart.o
 .text.UART_DMARxAbortCallback
                0x00000000       0x60 Drivers\STM32F4xx_HAL_Driver\Src\stm32f4xx_hal_uart.o
 .text.UART_DMATxOnlyAbortCallback
                0x00000000       0x2a Drivers\STM32F4xx_HAL_Driver\Src\stm32f4xx_hal_uart.o
 .text.UART_DMARxOnlyAbortCallback
                0x00000000       0x30 Drivers\STM32F4xx_HAL_Driver\Src\stm32f4xx_hal_uart.o
 .text.UART_Transmit_IT
                0x00000000       0x9e Drivers\STM32F4xx_HAL_Driver\Src\stm32f4xx_hal_uart.o
 .text.UART_EndTransmit_IT
                0x00000000       0x30 Drivers\STM32F4xx_HAL_Driver\Src\stm32f4xx_hal_uart.o
 .text.UART_Receive_IT
                0x00000000      0x176 Drivers\STM32F4xx_HAL_Driver\Src\stm32f4xx_hal_uart.o
 .text          0x00000000        0x0 Src\main.o
 .data          0x00000000        0x0 Src\main.o
 .bss           0x00000000        0x0 Src\main.o
 .text          0x00000000        0x0 Src\stm32f4xx_hal_msp.o
 .data          0x00000000        0x0 Src\stm32f4xx_hal_msp.o
 .bss           0x00000000        0x0 Src\stm32f4xx_hal_msp.o
 .text.HAL_UART_MspDeInit
                0x00000000       0x3c Src\stm32f4xx_hal_msp.o
 .text          0x00000000        0x0 Src\stm32f4xx_it.o
 .data          0x00000000        0x0 Src\stm32f4xx_it.o
 .bss           0x00000000        0x0 Src\stm32f4xx_it.o
 .text          0x00000000        0x0 Src\syscalls.o
 .data          0x00000000        0x0 Src\syscalls.o
 .bss           0x00000000        0x0 Src\syscalls.o
 .bss.__env     0x00000000        0x4 Src\syscalls.o
 .data.environ  0x00000000        0x4 Src\syscalls.o
 .text.initialise_monitor_handles
                0x00000000        0xe Src\syscalls.o
 .text._getpid  0x00000000       0x10 Src\syscalls.o
 .text._kill    0x00000000       0x20 Src\syscalls.o
 .text._exit    0x00000000       0x14 Src\syscalls.o
 .text._read    0x00000000       0x3a Src\syscalls.o
 .text._write   0x00000000       0x38 Src\syscalls.o
 .bss.heap_end.7010
                0x00000000        0x4 Src\syscalls.o
 .text._sbrk    0x00000000       0x58 Src\syscalls.o
 .text._close   0x00000000       0x18 Src\syscalls.o
 .text._fstat   0x00000000       0x20 Src\syscalls.o
 .text._isatty  0x00000000       0x16 Src\syscalls.o
 .text._lseek   0x00000000       0x1a Src\syscalls.o
 .text._open    0x00000000       0x1c Src\syscalls.o
 .text._wait    0x00000000       0x1e Src\syscalls.o
 .text._unlink  0x00000000       0x1e Src\syscalls.o
 .text._times   0x00000000       0x18 Src\syscalls.o
 .text._stat    0x00000000       0x20 Src\syscalls.o
 .text._link    0x00000000       0x20 Src\syscalls.o
 .text._fork    0x00000000       0x16 Src\syscalls.o
 .text._execve  0x00000000       0x22 Src\syscalls.o
 .debug_info    0x00000000      0xf16 Src\syscalls.o
 .debug_abbrev  0x00000000      0x271 Src\syscalls.o
 .debug_aranges
                0x00000000       0xb0 Src\syscalls.o
 .debug_ranges  0x00000000       0xa0 Src\syscalls.o
 .debug_line    0x00000000      0x3d8 Src\syscalls.o
 .debug_str     0x00000000      0x886 Src\syscalls.o
 .comment       0x00000000       0x7d Src\syscalls.o
 .debug_frame   0x00000000      0x2d4 Src\syscalls.o
 .ARM.attributes
                0x00000000       0x39 Src\syscalls.o
 .text          0x00000000        0x0 Src\system_stm32f4xx.o
 .data          0x00000000        0x0 Src\system_stm32f4xx.o
 .bss           0x00000000        0x0 Src\system_stm32f4xx.o
 .text.SystemCoreClockUpdate
                0x00000000       0xf4 Src\system_stm32f4xx.o
 .text          0x00000000       0x14 startup\startup_stm32f407xx.o
 .data          0x00000000        0x0 startup\startup_stm32f407xx.o
 .bss           0x00000000        0x0 startup\startup_stm32f407xx.o
 .text          0x00000000        0x0 c:/program files (x86)/atollic/truestudio for stm32 9.3.0/armtools/bin/../lib/gcc/arm-atollic-eabi/6.3.1/../../../../arm-atollic-eabi/lib/armv7e-m/fpu\libc_nano.a(lib_a-errno.o)
 .data          0x00000000        0x0 c:/program files (x86)/atollic/truestudio for stm32 9.3.0/armtools/bin/../lib/gcc/arm-atollic-eabi/6.3.1/../../../../arm-atollic-eabi/lib/armv7e-m/fpu\libc_nano.a(lib_a-errno.o)
 .bss           0x00000000        0x0 c:/program files (x86)/atollic/truestudio for stm32 9.3.0/armtools/bin/../lib/gcc/arm-atollic-eabi/6.3.1/../../../../arm-atollic-eabi/lib/armv7e-m/fpu\libc_nano.a(lib_a-errno.o)
 .text.__errno  0x00000000        0xc c:/program files (x86)/atollic/truestudio for stm32 9.3.0/armtools/bin/../lib/gcc/arm-atollic-eabi/6.3.1/../../../../arm-atollic-eabi/lib/armv7e-m/fpu\libc_nano.a(lib_a-errno.o)
 .debug_frame   0x00000000       0x20 c:/program files (x86)/atollic/truestudio for stm32 9.3.0/armtools/bin/../lib/gcc/arm-atollic-eabi/6.3.1/../../../../arm-atollic-eabi/lib/armv7e-m/fpu\libc_nano.a(lib_a-errno.o)
 .ARM.attributes
                0x00000000       0x34 c:/program files (x86)/atollic/truestudio for stm32 9.3.0/armtools/bin/../lib/gcc/arm-atollic-eabi/6.3.1/../../../../arm-atollic-eabi/lib/armv7e-m/fpu\libc_nano.a(lib_a-errno.o)
 .text          0x00000000        0x0 c:/program files (x86)/atollic/truestudio for stm32 9.3.0/armtools/bin/../lib/gcc/arm-atollic-eabi/6.3.1/../../../../arm-atollic-eabi/lib/armv7e-m/fpu\libc_nano.a(lib_a-impure.o)
 .data          0x00000000        0x0 c:/program files (x86)/atollic/truestudio for stm32 9.3.0/armtools/bin/../lib/gcc/arm-atollic-eabi/6.3.1/../../../../arm-atollic-eabi/lib/armv7e-m/fpu\libc_nano.a(lib_a-impure.o)
 .bss           0x00000000        0x0 c:/program files (x86)/atollic/truestudio for stm32 9.3.0/armtools/bin/../lib/gcc/arm-atollic-eabi/6.3.1/../../../../arm-atollic-eabi/lib/armv7e-m/fpu\libc_nano.a(lib_a-impure.o)
 .data._impure_ptr
                0x00000000        0x4 c:/program files (x86)/atollic/truestudio for stm32 9.3.0/armtools/bin/../lib/gcc/arm-atollic-eabi/6.3.1/../../../../arm-atollic-eabi/lib/armv7e-m/fpu\libc_nano.a(lib_a-impure.o)
 .data.impure_data
                0x00000000       0x60 c:/program files (x86)/atollic/truestudio for stm32 9.3.0/armtools/bin/../lib/gcc/arm-atollic-eabi/6.3.1/../../../../arm-atollic-eabi/lib/armv7e-m/fpu\libc_nano.a(lib_a-impure.o)
 .rodata._global_impure_ptr
                0x00000000        0x4 c:/program files (x86)/atollic/truestudio for stm32 9.3.0/armtools/bin/../lib/gcc/arm-atollic-eabi/6.3.1/../../../../arm-atollic-eabi/lib/armv7e-m/fpu\libc_nano.a(lib_a-impure.o)
 .ARM.attributes
                0x00000000       0x34 c:/program files (x86)/atollic/truestudio for stm32 9.3.0/armtools/bin/../lib/gcc/arm-atollic-eabi/6.3.1/../../../../arm-atollic-eabi/lib/armv7e-m/fpu\libc_nano.a(lib_a-impure.o)
 .text          0x00000000        0x0 c:/program files (x86)/atollic/truestudio for stm32 9.3.0/armtools/bin/../lib/gcc/arm-atollic-eabi/6.3.1/../../../../arm-atollic-eabi/lib/armv7e-m/fpu\libc_nano.a(lib_a-init.o)
 .data          0x00000000        0x0 c:/program files (x86)/atollic/truestudio for stm32 9.3.0/armtools/bin/../lib/gcc/arm-atollic-eabi/6.3.1/../../../../arm-atollic-eabi/lib/armv7e-m/fpu\libc_nano.a(lib_a-init.o)
 .bss           0x00000000        0x0 c:/program files (x86)/atollic/truestudio for stm32 9.3.0/armtools/bin/../lib/gcc/arm-atollic-eabi/6.3.1/../../../../arm-atollic-eabi/lib/armv7e-m/fpu\libc_nano.a(lib_a-init.o)
 .text          0x00000000        0x0 c:/program files (x86)/atollic/truestudio for stm32 9.3.0/armtools/bin/../lib/gcc/arm-atollic-eabi/6.3.1/../../../../arm-atollic-eabi/lib/armv7e-m/fpu\libc_nano.a(lib_a-memset.o)
 .data          0x00000000        0x0 c:/program files (x86)/atollic/truestudio for stm32 9.3.0/armtools/bin/../lib/gcc/arm-atollic-eabi/6.3.1/../../../../arm-atollic-eabi/lib/armv7e-m/fpu\libc_nano.a(lib_a-memset.o)
 .bss           0x00000000        0x0 c:/program files (x86)/atollic/truestudio for stm32 9.3.0/armtools/bin/../lib/gcc/arm-atollic-eabi/6.3.1/../../../../arm-atollic-eabi/lib/armv7e-m/fpu\libc_nano.a(lib_a-memset.o)
 .data          0x00000000        0x0 c:/program files (x86)/atollic/truestudio for stm32 9.3.0/armtools/bin/../lib/gcc/arm-atollic-eabi/6.3.1/armv7e-m/fpu\libgcc.a(_aeabi_uldivmod.o)
 .bss           0x00000000        0x0 c:/program files (x86)/atollic/truestudio for stm32 9.3.0/armtools/bin/../lib/gcc/arm-atollic-eabi/6.3.1/armv7e-m/fpu\libgcc.a(_aeabi_uldivmod.o)
 .data          0x00000000        0x0 c:/program files (x86)/atollic/truestudio for stm32 9.3.0/armtools/bin/../lib/gcc/arm-atollic-eabi/6.3.1/armv7e-m/fpu\libgcc.a(_udivmoddi4.o)
 .bss           0x00000000        0x0 c:/program files (x86)/atollic/truestudio for stm32 9.3.0/armtools/bin/../lib/gcc/arm-atollic-eabi/6.3.1/armv7e-m/fpu\libgcc.a(_udivmoddi4.o)
 .ARM.extab     0x00000000        0x0 c:/program files (x86)/atollic/truestudio for stm32 9.3.0/armtools/bin/../lib/gcc/arm-atollic-eabi/6.3.1/armv7e-m/fpu\libgcc.a(_udivmoddi4.o)
 .data          0x00000000        0x0 c:/program files (x86)/atollic/truestudio for stm32 9.3.0/armtools/bin/../lib/gcc/arm-atollic-eabi/6.3.1/armv7e-m/fpu\libgcc.a(_dvmd_tls.o)
 .bss           0x00000000        0x0 c:/program files (x86)/atollic/truestudio for stm32 9.3.0/armtools/bin/../lib/gcc/arm-atollic-eabi/6.3.1/armv7e-m/fpu\libgcc.a(_dvmd_tls.o)
 .text          0x00000000        0x0 c:/program files (x86)/atollic/truestudio for stm32 9.3.0/armtools/bin/../lib/gcc/arm-atollic-eabi/6.3.1/armv7e-m/fpu/crtend.o
 .data          0x00000000        0x0 c:/program files (x86)/atollic/truestudio for stm32 9.3.0/armtools/bin/../lib/gcc/arm-atollic-eabi/6.3.1/armv7e-m/fpu/crtend.o
 .bss           0x00000000        0x0 c:/program files (x86)/atollic/truestudio for stm32 9.3.0/armtools/bin/../lib/gcc/arm-atollic-eabi/6.3.1/armv7e-m/fpu/crtend.o
 .eh_frame      0x00000000        0x4 c:/program files (x86)/atollic/truestudio for stm32 9.3.0/armtools/bin/../lib/gcc/arm-atollic-eabi/6.3.1/armv7e-m/fpu/crtend.o
 .ARM.attributes
                0x00000000       0x34 c:/program files (x86)/atollic/truestudio for stm32 9.3.0/armtools/bin/../lib/gcc/arm-atollic-eabi/6.3.1/armv7e-m/fpu/crtend.o
 .text          0x00000000        0x0 c:/program files (x86)/atollic/truestudio for stm32 9.3.0/armtools/bin/../lib/gcc/arm-atollic-eabi/6.3.1/armv7e-m/fpu/crtn.o
 .data          0x00000000        0x0 c:/program files (x86)/atollic/truestudio for stm32 9.3.0/armtools/bin/../lib/gcc/arm-atollic-eabi/6.3.1/armv7e-m/fpu/crtn.o
 .bss           0x00000000        0x0 c:/program files (x86)/atollic/truestudio for stm32 9.3.0/armtools/bin/../lib/gcc/arm-atollic-eabi/6.3.1/armv7e-m/fpu/crtn.o

Memory Configuration

Name             Origin             Length             Attributes
RAM              0x20000000         0x0001c000         xrw
RAM2             0x2001c000         0x00004000         xrw
CCMRAM           0x10000000         0x00010000         xrw
FLASH            0x08000000         0x00100000         xr
*default*        0x00000000         0xffffffff

Linker script and memory map

LOAD c:/program files (x86)/atollic/truestudio for stm32 9.3.0/armtools/bin/../lib/gcc/arm-atollic-eabi/6.3.1/armv7e-m/fpu/crti.o
LOAD c:/program files (x86)/atollic/truestudio for stm32 9.3.0/armtools/bin/../lib/gcc/arm-atollic-eabi/6.3.1/armv7e-m/fpu/crtbegin.o
LOAD Drivers\STM32F4xx_HAL_Driver\Src\stm32f4xx_hal.o
LOAD Drivers\STM32F4xx_HAL_Driver\Src\stm32f4xx_hal_cortex.o
LOAD Drivers\STM32F4xx_HAL_Driver\Src\stm32f4xx_hal_dma.o
LOAD Drivers\STM32F4xx_HAL_Driver\Src\stm32f4xx_hal_dma_ex.o
LOAD Drivers\STM32F4xx_HAL_Driver\Src\stm32f4xx_hal_exti.o
LOAD Drivers\STM32F4xx_HAL_Driver\Src\stm32f4xx_hal_flash.o
LOAD Drivers\STM32F4xx_HAL_Driver\Src\stm32f4xx_hal_flash_ex.o
LOAD Drivers\STM32F4xx_HAL_Driver\Src\stm32f4xx_hal_flash_ramfunc.o
LOAD Drivers\STM32F4xx_HAL_Driver\Src\stm32f4xx_hal_gpio.o
LOAD Drivers\STM32F4xx_HAL_Driver\Src\stm32f4xx_hal_pwr.o
LOAD Drivers\STM32F4xx_HAL_Driver\Src\stm32f4xx_hal_pwr_ex.o
LOAD Drivers\STM32F4xx_HAL_Driver\Src\stm32f4xx_hal_rcc.o
LOAD Drivers\STM32F4xx_HAL_Driver\Src\stm32f4xx_hal_rcc_ex.o
LOAD Drivers\STM32F4xx_HAL_Driver\Src\stm32f4xx_hal_tim.o
LOAD Drivers\STM32F4xx_HAL_Driver\Src\stm32f4xx_hal_tim_ex.o
LOAD Drivers\STM32F4xx_HAL_Driver\Src\stm32f4xx_hal_uart.o
LOAD Src\main.o
LOAD Src\stm32f4xx_hal_msp.o
LOAD Src\stm32f4xx_it.o
LOAD Src\syscalls.o
LOAD Src\system_stm32f4xx.o
LOAD startup\startup_stm32f407xx.o
                0x00000080                malloc_getpagesize_P = 0x80
START GROUP
LOAD c:/program files (x86)/atollic/truestudio for stm32 9.3.0/armtools/bin/../lib/gcc/arm-atollic-eabi/6.3.1/../../../../arm-atollic-eabi/lib/armv7e-m/fpu\libc_nano.a
LOAD c:/program files (x86)/atollic/truestudio for stm32 9.3.0/armtools/bin/../lib/gcc/arm-atollic-eabi/6.3.1/../../../../arm-atollic-eabi/lib/armv7e-m/fpu\libm.a
END GROUP
START GROUP
LOAD c:/program files (x86)/atollic/truestudio for stm32 9.3.0/armtools/bin/../lib/gcc/arm-atollic-eabi/6.3.1/armv7e-m/fpu\libgcc.a
LOAD c:/program files (x86)/atollic/truestudio for stm32 9.3.0/armtools/bin/../lib/gcc/arm-atollic-eabi/6.3.1/../../../../arm-atollic-eabi/lib/armv7e-m/fpu\libc_nano.a
END GROUP
START GROUP
LOAD c:/program files (x86)/atollic/truestudio for stm32 9.3.0/armtools/bin/../lib/gcc/arm-atollic-eabi/6.3.1/armv7e-m/fpu\libgcc.a
LOAD c:/program files (x86)/atollic/truestudio for stm32 9.3.0/armtools/bin/../lib/gcc/arm-atollic-eabi/6.3.1/../../../../arm-atollic-eabi/lib/armv7e-m/fpu\libc_nano.a
LOAD c:/program files (x86)/atollic/truestudio for stm32 9.3.0/armtools/bin/../lib/gcc/arm-atollic-eabi/6.3.1/../../../../arm-atollic-eabi/lib/armv7e-m/fpu\libnosys.a
END GROUP
START GROUP
LOAD c:/program files (x86)/atollic/truestudio for stm32 9.3.0/armtools/bin/../lib/gcc/arm-atollic-eabi/6.3.1/armv7e-m/fpu\libgcc.a
LOAD c:/program files (x86)/atollic/truestudio for stm32 9.3.0/armtools/bin/../lib/gcc/arm-atollic-eabi/6.3.1/../../../../arm-atollic-eabi/lib/armv7e-m/fpu\libc_nano.a
LOAD c:/program files (x86)/atollic/truestudio for stm32 9.3.0/armtools/bin/../lib/gcc/arm-atollic-eabi/6.3.1/../../../../arm-atollic-eabi/lib/armv7e-m/fpu\libnosys.a
END GROUP
LOAD c:/program files (x86)/atollic/truestudio for stm32 9.3.0/armtools/bin/../lib/gcc/arm-atollic-eabi/6.3.1/armv7e-m/fpu/crtend.o
LOAD c:/program files (x86)/atollic/truestudio for stm32 9.3.0/armtools/bin/../lib/gcc/arm-atollic-eabi/6.3.1/armv7e-m/fpu/crtn.o
                0x2001c000                _estack = 0x2001c000
                0x00000200                _Min_Heap_Size = 0x200
                0x00000400                _Min_Stack_Size = 0x400

.isr_vector     0x08000000      0x188
                0x08000000                . = ALIGN (0x4)
 *(.isr_vector)
 .isr_vector    0x08000000      0x188 startup\startup_stm32f407xx.o
                0x08000000                g_pfnVectors
                0x08000188                . = ALIGN (0x4)

.text           0x08000188     0x1d44
                0x08000188                . = ALIGN (0x4)
 *(.text)
 .text          0x08000188       0x40 c:/program files (x86)/atollic/truestudio for stm32 9.3.0/armtools/bin/../lib/gcc/arm-atollic-eabi/6.3.1/armv7e-m/fpu/crtbegin.o
 .text          0x080001c8       0x30 c:/program files (x86)/atollic/truestudio for stm32 9.3.0/armtools/bin/../lib/gcc/arm-atollic-eabi/6.3.1/armv7e-m/fpu\libgcc.a(_aeabi_uldivmod.o)
                0x080001c8                __aeabi_uldivmod
 .text          0x080001f8      0x2dc c:/program files (x86)/atollic/truestudio for stm32 9.3.0/armtools/bin/../lib/gcc/arm-atollic-eabi/6.3.1/armv7e-m/fpu\libgcc.a(_udivmoddi4.o)
                0x080001f8                __udivmoddi4
 .text          0x080004d4        0x4 c:/program files (x86)/atollic/truestudio for stm32 9.3.0/armtools/bin/../lib/gcc/arm-atollic-eabi/6.3.1/armv7e-m/fpu\libgcc.a(_dvmd_tls.o)
                0x080004d4                __aeabi_idiv0
                0x080004d4                __aeabi_ldiv0
 *(.text*)
 .text.HAL_Init
                0x080004d8       0x44 Drivers\STM32F4xx_HAL_Driver\Src\stm32f4xx_hal.o
                0x080004d8                HAL_Init
 .text.HAL_InitTick
                0x0800051c       0x60 Drivers\STM32F4xx_HAL_Driver\Src\stm32f4xx_hal.o
                0x0800051c                HAL_InitTick
 .text.HAL_IncTick
                0x0800057c       0x28 Drivers\STM32F4xx_HAL_Driver\Src\stm32f4xx_hal.o
                0x0800057c                HAL_IncTick
 .text.HAL_GetTick
                0x080005a4       0x18 Drivers\STM32F4xx_HAL_Driver\Src\stm32f4xx_hal.o
                0x080005a4                HAL_GetTick
 .text.__NVIC_SetPriorityGrouping
                0x080005bc       0x48 Drivers\STM32F4xx_HAL_Driver\Src\stm32f4xx_hal_cortex.o
 .text.__NVIC_GetPriorityGrouping
                0x08000604       0x1c Drivers\STM32F4xx_HAL_Driver\Src\stm32f4xx_hal_cortex.o
 .text.__NVIC_SetPriority
                0x08000620       0x54 Drivers\STM32F4xx_HAL_Driver\Src\stm32f4xx_hal_cortex.o
 .text.NVIC_EncodePriority
                0x08000674       0x62 Drivers\STM32F4xx_HAL_Driver\Src\stm32f4xx_hal_cortex.o
 *fill*         0x080006d6        0x2 
 .text.SysTick_Config
                0x080006d8       0x44 Drivers\STM32F4xx_HAL_Driver\Src\stm32f4xx_hal_cortex.o
 .text.HAL_NVIC_SetPriorityGrouping
                0x0800071c       0x16 Drivers\STM32F4xx_HAL_Driver\Src\stm32f4xx_hal_cortex.o
                0x0800071c                HAL_NVIC_SetPriorityGrouping
 .text.HAL_NVIC_SetPriority
                0x08000732       0x38 Drivers\STM32F4xx_HAL_Driver\Src\stm32f4xx_hal_cortex.o
                0x08000732                HAL_NVIC_SetPriority
 .text.HAL_SYSTICK_Config
                0x0800076a       0x18 Drivers\STM32F4xx_HAL_Driver\Src\stm32f4xx_hal_cortex.o
                0x0800076a                HAL_SYSTICK_Config
 *fill*         0x08000782        0x2 
 .text.HAL_GPIO_Init
                0x08000784      0x334 Drivers\STM32F4xx_HAL_Driver\Src\stm32f4xx_hal_gpio.o
                0x08000784                HAL_GPIO_Init
 .text.HAL_GPIO_WritePin
                0x08000ab8       0x32 Drivers\STM32F4xx_HAL_Driver\Src\stm32f4xx_hal_gpio.o
                0x08000ab8                HAL_GPIO_WritePin
 *fill*         0x08000aea        0x2 
 .text.HAL_RCC_OscConfig
                0x08000aec      0x4f0 Drivers\STM32F4xx_HAL_Driver\Src\stm32f4xx_hal_rcc.o
                0x08000aec                HAL_RCC_OscConfig
 .text.HAL_RCC_ClockConfig
                0x08000fdc      0x1cc Drivers\STM32F4xx_HAL_Driver\Src\stm32f4xx_hal_rcc.o
                0x08000fdc                HAL_RCC_ClockConfig
 .text.HAL_RCC_GetSysClockFreq
                0x080011a8      0x16c Drivers\STM32F4xx_HAL_Driver\Src\stm32f4xx_hal_rcc.o
                0x080011a8                HAL_RCC_GetSysClockFreq
 .text.HAL_RCC_GetHCLKFreq
                0x08001314       0x18 Drivers\STM32F4xx_HAL_Driver\Src\stm32f4xx_hal_rcc.o
                0x08001314                HAL_RCC_GetHCLKFreq
 .text.HAL_RCC_GetPCLK1Freq
                0x0800132c       0x28 Drivers\STM32F4xx_HAL_Driver\Src\stm32f4xx_hal_rcc.o
                0x0800132c                HAL_RCC_GetPCLK1Freq
 .text.HAL_RCC_GetPCLK2Freq
                0x08001354       0x28 Drivers\STM32F4xx_HAL_Driver\Src\stm32f4xx_hal_rcc.o
                0x08001354                HAL_RCC_GetPCLK2Freq
 .text.HAL_UART_Init
                0x0800137c       0x9a Drivers\STM32F4xx_HAL_Driver\Src\stm32f4xx_hal_uart.o
                0x0800137c                HAL_UART_Init
 .text.HAL_UART_Receive
                0x08001416      0x144 Drivers\STM32F4xx_HAL_Driver\Src\stm32f4xx_hal_uart.o
                0x08001416                HAL_UART_Receive
 .text.UART_WaitOnFlagUntilTimeout
                0x0800155a       0xdc Drivers\STM32F4xx_HAL_Driver\Src\stm32f4xx_hal_uart.o
 *fill*         0x08001636        0x2 
 .text.UART_SetConfig
                0x08001638      0x360 Drivers\STM32F4xx_HAL_Driver\Src\stm32f4xx_hal_uart.o
 .text.main     0x08001998      0x160 Src\main.o
                0x08001998                main
 .text.SystemClock_Config
                0x08001af8       0xd4 Src\main.o
                0x08001af8                SystemClock_Config
 .text.MX_USART2_UART_Init
                0x08001bcc       0x54 Src\main.o
 .text.MX_GPIO_Init
                0x08001c20       0x88 Src\main.o
 .text.Error_Handler
                0x08001ca8        0x8 Src\main.o
                0x08001ca8                Error_Handler
 .text.HAL_MspInit
                0x08001cb0       0x50 Src\stm32f4xx_hal_msp.o
                0x08001cb0                HAL_MspInit
 .text.HAL_UART_MspInit
                0x08001d00       0x90 Src\stm32f4xx_hal_msp.o
                0x08001d00                HAL_UART_MspInit
 .text.NMI_Handler
                0x08001d90        0x6 Src\stm32f4xx_it.o
                0x08001d90                NMI_Handler
 .text.HardFault_Handler
                0x08001d96        0x6 Src\stm32f4xx_it.o
                0x08001d96                HardFault_Handler
 .text.MemManage_Handler
                0x08001d9c        0x6 Src\stm32f4xx_it.o
                0x08001d9c                MemManage_Handler
 .text.BusFault_Handler
                0x08001da2        0x6 Src\stm32f4xx_it.o
                0x08001da2                BusFault_Handler
 .text.UsageFault_Handler
                0x08001da8        0x6 Src\stm32f4xx_it.o
                0x08001da8                UsageFault_Handler
 .text.SVC_Handler
                0x08001dae        0xe Src\stm32f4xx_it.o
                0x08001dae                SVC_Handler
 .text.DebugMon_Handler
                0x08001dbc        0xe Src\stm32f4xx_it.o
                0x08001dbc                DebugMon_Handler
 .text.PendSV_Handler
                0x08001dca        0xe Src\stm32f4xx_it.o
                0x08001dca                PendSV_Handler
 .text.SysTick_Handler
                0x08001dd8        0xc Src\stm32f4xx_it.o
                0x08001dd8                SysTick_Handler
 .text.SystemInit
                0x08001de4       0x24 Src\system_stm32f4xx.o
                0x08001de4                SystemInit
 .text.Reset_Handler
                0x08001e08       0x50 startup\startup_stm32f407xx.o
                0x08001e08                Reset_Handler
 .text.Default_Handler
                0x08001e58        0x2 startup\startup_stm32f407xx.o
                0x08001e58                RTC_Alarm_IRQHandler
                0x08001e58                HASH_RNG_IRQHandler
                0x08001e58                EXTI2_IRQHandler
                0x08001e58                TIM8_CC_IRQHandler
                0x08001e58                TIM1_CC_IRQHandler
                0x08001e58                DMA2_Stream5_IRQHandler
                0x08001e58                DMA1_Stream5_IRQHandler
                0x08001e58                PVD_IRQHandler
                0x08001e58                SDIO_IRQHandler
                0x08001e58                TAMP_STAMP_IRQHandler
                0x08001e58                CAN2_RX1_IRQHandler
                0x08001e58                EXTI3_IRQHandler
                0x08001e58                TIM8_TRG_COM_TIM14_IRQHandler
                0x08001e58                TIM1_UP_TIM10_IRQHandler
                0x08001e58                TIM8_UP_TIM13_IRQHandler
                0x08001e58                I2C3_ER_IRQHandler
                0x08001e58                EXTI0_IRQHandler
                0x08001e58                I2C2_EV_IRQHandler
                0x08001e58                DMA1_Stream2_IRQHandler
                0x08001e58                CAN1_RX0_IRQHandler
                0x08001e58                FPU_IRQHandler
                0x08001e58                OTG_HS_WKUP_IRQHandler
                0x08001e58                CAN2_SCE_IRQHandler
                0x08001e58                DMA2_Stream2_IRQHandler
                0x08001e58                SPI1_IRQHandler
                0x08001e58                TIM6_DAC_IRQHandler
                0x08001e58                TIM1_BRK_TIM9_IRQHandler
                0x08001e58                DCMI_IRQHandler
                0x08001e58                CAN2_RX0_IRQHandler
                0x08001e58                DMA2_Stream3_IRQHandler
                0x08001e58                USART6_IRQHandler
                0x08001e58                USART3_IRQHandler
                0x08001e58                CAN1_RX1_IRQHandler
                0x08001e58                UART5_IRQHandler
                0x08001e58                DMA2_Stream0_IRQHandler
                0x08001e58                TIM4_IRQHandler
                0x08001e58                I2C1_EV_IRQHandler
                0x08001e58                DMA1_Stream6_IRQHandler
                0x08001e58                DMA1_Stream1_IRQHandler
                0x08001e58                UART4_IRQHandler
                0x08001e58                TIM3_IRQHandler
                0x08001e58                RCC_IRQHandler
                0x08001e58                TIM8_BRK_TIM12_IRQHandler
                0x08001e58                Default_Handler
                0x08001e58                EXTI15_10_IRQHandler
                0x08001e58                ADC_IRQHandler
                0x08001e58                DMA1_Stream7_IRQHandler
                0x08001e58                TIM7_IRQHandler
                0x08001e58                CAN2_TX_IRQHandler
                0x08001e58                TIM5_IRQHandler
                0x08001e58                DMA2_Stream7_IRQHandler
                0x08001e58                I2C3_EV_IRQHandler
                0x08001e58                EXTI9_5_IRQHandler
                0x08001e58                RTC_WKUP_IRQHandler
                0x08001e58                ETH_WKUP_IRQHandler
                0x08001e58                SPI2_IRQHandler
                0x08001e58                OTG_HS_EP1_IN_IRQHandler
                0x08001e58                DMA1_Stream0_IRQHandler
                0x08001e58                CAN1_TX_IRQHandler
                0x08001e58                EXTI4_IRQHandler
                0x08001e58                FSMC_IRQHandler
                0x08001e58                ETH_IRQHandler
                0x08001e58                OTG_HS_EP1_OUT_IRQHandler
                0x08001e58                WWDG_IRQHandler
                0x08001e58                TIM2_IRQHandler
                0x08001e58                OTG_FS_WKUP_IRQHandler
                0x08001e58                TIM1_TRG_COM_TIM11_IRQHandler
                0x08001e58                OTG_HS_IRQHandler
                0x08001e58                EXTI1_IRQHandler
                0x08001e58                USART2_IRQHandler
                0x08001e58                I2C2_ER_IRQHandler
                0x08001e58                DMA2_Stream1_IRQHandler
                0x08001e58                CAN1_SCE_IRQHandler
                0x08001e58                FLASH_IRQHandler
                0x08001e58                DMA2_Stream4_IRQHandler
                0x08001e58                USART1_IRQHandler
                0x08001e58                OTG_FS_IRQHandler
                0x08001e58                SPI3_IRQHandler
                0x08001e58                DMA1_Stream4_IRQHandler
                0x08001e58                I2C1_ER_IRQHandler
                0x08001e58                DMA2_Stream6_IRQHandler
                0x08001e58                DMA1_Stream3_IRQHandler
 *fill*         0x08001e5a        0x2 
 .text.__libc_init_array
                0x08001e5c       0x48 c:/program files (x86)/atollic/truestudio for stm32 9.3.0/armtools/bin/../lib/gcc/arm-atollic-eabi/6.3.1/../../../../arm-atollic-eabi/lib/armv7e-m/fpu\libc_nano.a(lib_a-init.o)
                0x08001e5c                __libc_init_array
 .text.memset   0x08001ea4       0x10 c:/program files (x86)/atollic/truestudio for stm32 9.3.0/armtools/bin/../lib/gcc/arm-atollic-eabi/6.3.1/../../../../arm-atollic-eabi/lib/armv7e-m/fpu\libc_nano.a(lib_a-memset.o)
                0x08001ea4                memset
 *(.glue_7)
 .glue_7        0x08001eb4        0x0 linker stubs
 *(.glue_7t)
 .glue_7t       0x08001eb4        0x0 linker stubs
 *(.eh_frame)
 .eh_frame      0x08001eb4        0x0 c:/program files (x86)/atollic/truestudio for stm32 9.3.0/armtools/bin/../lib/gcc/arm-atollic-eabi/6.3.1/armv7e-m/fpu/crtbegin.o
 *(.init)
 .init          0x08001eb4        0x4 c:/program files (x86)/atollic/truestudio for stm32 9.3.0/armtools/bin/../lib/gcc/arm-atollic-eabi/6.3.1/armv7e-m/fpu/crti.o
                0x08001eb4                _init
 .init          0x08001eb8        0x8 c:/program files (x86)/atollic/truestudio for stm32 9.3.0/armtools/bin/../lib/gcc/arm-atollic-eabi/6.3.1/armv7e-m/fpu/crtn.o
 *(.fini)
 .fini          0x08001ec0        0x4 c:/program files (x86)/atollic/truestudio for stm32 9.3.0/armtools/bin/../lib/gcc/arm-atollic-eabi/6.3.1/armv7e-m/fpu/crti.o
                0x08001ec0                _fini
 .fini          0x08001ec4        0x8 c:/program files (x86)/atollic/truestudio for stm32 9.3.0/armtools/bin/../lib/gcc/arm-atollic-eabi/6.3.1/armv7e-m/fpu/crtn.o
                0x08001ecc                . = ALIGN (0x4)
                0x08001ecc                _etext = .

.vfp11_veneer   0x08001ecc        0x0
 .vfp11_veneer  0x08001ecc        0x0 linker stubs

.v4_bx          0x08001ecc        0x0
 .v4_bx         0x08001ecc        0x0 linker stubs

.iplt           0x08001ecc        0x0
 .iplt          0x08001ecc        0x0 c:/program files (x86)/atollic/truestudio for stm32 9.3.0/armtools/bin/../lib/gcc/arm-atollic-eabi/6.3.1/armv7e-m/fpu/crtbegin.o

.rodata         0x08001ecc       0x18
                0x08001ecc                . = ALIGN (0x4)
 *(.rodata)
 *(.rodata*)
 .rodata.AHBPrescTable
                0x08001ecc       0x10 Src\system_stm32f4xx.o
                0x08001ecc                AHBPrescTable
 .rodata.APBPrescTable
                0x08001edc        0x8 Src\system_stm32f4xx.o
                0x08001edc                APBPrescTable
                0x08001ee4                . = ALIGN (0x4)

.ARM.extab
 *(.ARM.extab* .gnu.linkonce.armextab.*)

.ARM            0x08001ee4        0x8
                0x08001ee4                __exidx_start = .
 *(.ARM.exidx*)
 .ARM.exidx     0x08001ee4        0x8 c:/program files (x86)/atollic/truestudio for stm32 9.3.0/armtools/bin/../lib/gcc/arm-atollic-eabi/6.3.1/armv7e-m/fpu\libgcc.a(_udivmoddi4.o)
                0x08001eec                __exidx_end = .

.rel.dyn        0x08001eec        0x0
 .rel.iplt      0x08001eec        0x0 c:/program files (x86)/atollic/truestudio for stm32 9.3.0/armtools/bin/../lib/gcc/arm-atollic-eabi/6.3.1/armv7e-m/fpu/crtbegin.o

.preinit_array  0x08001eec        0x0
                0x08001eec                PROVIDE (__preinit_array_start, .)
 *(.preinit_array*)
                0x08001eec                PROVIDE (__preinit_array_end, .)

.init_array     0x08001eec        0x4
                0x08001eec                PROVIDE (__init_array_start, .)
 *(SORT(.init_array.*))
 *(.init_array*)
 .init_array    0x08001eec        0x4 c:/program files (x86)/atollic/truestudio for stm32 9.3.0/armtools/bin/../lib/gcc/arm-atollic-eabi/6.3.1/armv7e-m/fpu/crtbegin.o
                0x08001ef0                PROVIDE (__init_array_end, .)

.fini_array     0x08001ef0        0x4
                [!provide]                PROVIDE (__fini_array_start, .)
 *(SORT(.fini_array.*))
 *(.fini_array*)
 .fini_array    0x08001ef0        0x4 c:/program files (x86)/atollic/truestudio for stm32 9.3.0/armtools/bin/../lib/gcc/arm-atollic-eabi/6.3.1/armv7e-m/fpu/crtbegin.o
                [!provide]                PROVIDE (__fini_array_end, .)
                0x08001ef4                _sidata = LOADADDR (.data)

.data           0x20000000        0xc load address 0x08001ef4
                0x20000000                . = ALIGN (0x4)
                0x20000000                _sdata = .
 *(.data)
 *(.data*)
 .data.uwTickPrio
                0x20000000        0x4 Drivers\STM32F4xx_HAL_Driver\Src\stm32f4xx_hal.o
                0x20000000                uwTickPrio
 .data.uwTickFreq
                0x20000004        0x1 Drivers\STM32F4xx_HAL_Driver\Src\stm32f4xx_hal.o
                0x20000004                uwTickFreq
 *fill*         0x20000005        0x3 
 .data.SystemCoreClock
                0x20000008        0x4 Src\system_stm32f4xx.o
                0x20000008                SystemCoreClock
                0x2000000c                . = ALIGN (0x4)
                0x2000000c                _edata = .
                0x08001f00                _siccmram = LOADADDR (.ccmram)

.igot.plt       0x2000000c        0x0 load address 0x08001f00
 .igot.plt      0x2000000c        0x0 c:/program files (x86)/atollic/truestudio for stm32 9.3.0/armtools/bin/../lib/gcc/arm-atollic-eabi/6.3.1/armv7e-m/fpu/crtbegin.o

.ccmram         0x10000000        0x0 load address 0x08001f00
                0x10000000                . = ALIGN (0x4)
                0x10000000                _sccmram = .
 *(.ccmram)
 *(.ccmram*)
                0x10000000                . = ALIGN (0x4)
                0x10000000                _eccmram = .
                0x10000000                . = ALIGN (0x4)

.bss            0x2000000c       0xcc
                0x2000000c                _sbss = .
                0x2000000c                __bss_start__ = _sbss
 *(.bss)
 .bss           0x2000000c       0x1c c:/program files (x86)/atollic/truestudio for stm32 9.3.0/armtools/bin/../lib/gcc/arm-atollic-eabi/6.3.1/armv7e-m/fpu/crtbegin.o
 *(.bss*)
 *(COMMON)
 COMMON         0x20000028        0x4 Drivers\STM32F4xx_HAL_Driver\Src\stm32f4xx_hal.o
                0x20000028                uwTick
 COMMON         0x2000002c       0xac Src\main.o
                0x2000002c                rx_buffer
                0x20000060                tx_buffer
                0x20000094                huart2
                0x200000d8                . = ALIGN (0x4)
                0x200000d8                _ebss = .
                0x200000d8                __bss_end__ = _ebss

._user_heap_stack
                0x200000d8      0x600
                0x200000d8                . = ALIGN (0x4)
                0x200000d8                PROVIDE (end, .)
                [!provide]                PROVIDE (_end, .)
                0x200002d8                . = (. + _Min_Heap_Size)
 *fill*         0x200000d8      0x200 
                0x200006d8                . = (. + _Min_Stack_Size)
 *fill*         0x200002d8      0x400 
                0x200006d8                . = ALIGN (0x4)

/DISCARD/
 libc.a(*)
 libm.a(*)
 libgcc.a(*)

.ARM.attributes
                0x00000000       0x30
 *(.ARM.attributes)
 .ARM.attributes
                0x00000000       0x22 c:/program files (x86)/atollic/truestudio for stm32 9.3.0/armtools/bin/../lib/gcc/arm-atollic-eabi/6.3.1/armv7e-m/fpu/crti.o
 .ARM.attributes
                0x00000022       0x34 c:/program files (x86)/atollic/truestudio for stm32 9.3.0/armtools/bin/../lib/gcc/arm-atollic-eabi/6.3.1/armv7e-m/fpu/crtbegin.o
 .ARM.attributes
                0x00000056       0x39 Drivers\STM32F4xx_HAL_Driver\Src\stm32f4xx_hal.o
 .ARM.attributes
                0x0000008f       0x39 Drivers\STM32F4xx_HAL_Driver\Src\stm32f4xx_hal_cortex.o
 .ARM.attributes
                0x000000c8       0x39 Drivers\STM32F4xx_HAL_Driver\Src\stm32f4xx_hal_gpio.o
 .ARM.attributes
                0x00000101       0x39 Drivers\STM32F4xx_HAL_Driver\Src\stm32f4xx_hal_rcc.o
 .ARM.attributes
                0x0000013a       0x39 Drivers\STM32F4xx_HAL_Driver\Src\stm32f4xx_hal_uart.o
 .ARM.attributes
                0x00000173       0x39 Src\main.o
 .ARM.attributes
                0x000001ac       0x39 Src\stm32f4xx_hal_msp.o
 .ARM.attributes
                0x000001e5       0x39 Src\stm32f4xx_it.o
 .ARM.attributes
                0x0000021e       0x39 Src\system_stm32f4xx.o
 .ARM.attributes
                0x00000257       0x21 startup\startup_stm32f407xx.o
 .ARM.attributes
                0x00000278       0x34 c:/program files (x86)/atollic/truestudio for stm32 9.3.0/armtools/bin/../lib/gcc/arm-atollic-eabi/6.3.1/../../../../arm-atollic-eabi/lib/armv7e-m/fpu\libc_nano.a(lib_a-init.o)
 .ARM.attributes
                0x000002ac       0x34 c:/program files (x86)/atollic/truestudio for stm32 9.3.0/armtools/bin/../lib/gcc/arm-atollic-eabi/6.3.1/../../../../arm-atollic-eabi/lib/armv7e-m/fpu\libc_nano.a(lib_a-memset.o)
 .ARM.attributes
                0x000002e0       0x22 c:/program files (x86)/atollic/truestudio for stm32 9.3.0/armtools/bin/../lib/gcc/arm-atollic-eabi/6.3.1/armv7e-m/fpu\libgcc.a(_aeabi_uldivmod.o)
 .ARM.attributes
                0x00000302       0x34 c:/program files (x86)/atollic/truestudio for stm32 9.3.0/armtools/bin/../lib/gcc/arm-atollic-eabi/6.3.1/armv7e-m/fpu\libgcc.a(_udivmoddi4.o)
 .ARM.attributes
                0x00000336       0x22 c:/program files (x86)/atollic/truestudio for stm32 9.3.0/armtools/bin/../lib/gcc/arm-atollic-eabi/6.3.1/armv7e-m/fpu\libgcc.a(_dvmd_tls.o)
 .ARM.attributes
                0x00000358       0x22 c:/program files (x86)/atollic/truestudio for stm32 9.3.0/armtools/bin/../lib/gcc/arm-atollic-eabi/6.3.1/armv7e-m/fpu/crtn.o
OUTPUT(007_4_HAL_USART_SEND_REC.elf elf32-littlearm)

.debug_info     0x00000000     0x79d5
 .debug_info    0x00000000      0x944 Drivers\STM32F4xx_HAL_Driver\Src\stm32f4xx_hal.o
 .debug_info    0x00000944      0xe28 Drivers\STM32F4xx_HAL_Driver\Src\stm32f4xx_hal_cortex.o
 .debug_info    0x0000176c      0x7c3 Drivers\STM32F4xx_HAL_Driver\Src\stm32f4xx_hal_gpio.o
 .debug_info    0x00001f2f      0x903 Drivers\STM32F4xx_HAL_Driver\Src\stm32f4xx_hal_rcc.o
 .debug_info    0x00002832     0x34bd Drivers\STM32F4xx_HAL_Driver\Src\stm32f4xx_hal_uart.o
 .debug_info    0x00005cef      0xb7e Src\main.o
 .debug_info    0x0000686d      0x95c Src\stm32f4xx_hal_msp.o
 .debug_info    0x000071c9      0x20c Src\stm32f4xx_it.o
 .debug_info    0x000073d5      0x556 Src\system_stm32f4xx.o
 .debug_info    0x0000792b       0xaa startup\startup_stm32f407xx.o

.debug_abbrev   0x00000000     0x10e3
 .debug_abbrev  0x00000000      0x1c2 Drivers\STM32F4xx_HAL_Driver\Src\stm32f4xx_hal.o
 .debug_abbrev  0x000001c2      0x2f5 Drivers\STM32F4xx_HAL_Driver\Src\stm32f4xx_hal_cortex.o
 .debug_abbrev  0x000004b7      0x1c4 Drivers\STM32F4xx_HAL_Driver\Src\stm32f4xx_hal_gpio.o
 .debug_abbrev  0x0000067b      0x240 Drivers\STM32F4xx_HAL_Driver\Src\stm32f4xx_hal_rcc.o
 .debug_abbrev  0x000008bb      0x2ae Drivers\STM32F4xx_HAL_Driver\Src\stm32f4xx_hal_uart.o
 .debug_abbrev  0x00000b69      0x1fa Src\main.o
 .debug_abbrev  0x00000d63      0x187 Src\stm32f4xx_hal_msp.o
 .debug_abbrev  0x00000eea       0xc1 Src\stm32f4xx_it.o
 .debug_abbrev  0x00000fab      0x126 Src\system_stm32f4xx.o
 .debug_abbrev  0x000010d1       0x12 startup\startup_stm32f407xx.o

.debug_aranges  0x00000000      0x608
 .debug_aranges
                0x00000000       0xf0 Drivers\STM32F4xx_HAL_Driver\Src\stm32f4xx_hal.o
 .debug_aranges
                0x000000f0      0x118 Drivers\STM32F4xx_HAL_Driver\Src\stm32f4xx_hal_cortex.o
 .debug_aranges
                0x00000208       0x58 Drivers\STM32F4xx_HAL_Driver\Src\stm32f4xx_hal_gpio.o
 .debug_aranges
                0x00000260       0x88 Drivers\STM32F4xx_HAL_Driver\Src\stm32f4xx_hal_rcc.o
 .debug_aranges
                0x000002e8      0x200 Drivers\STM32F4xx_HAL_Driver\Src\stm32f4xx_hal_uart.o
 .debug_aranges
                0x000004e8       0x40 Src\main.o
 .debug_aranges
                0x00000528       0x30 Src\stm32f4xx_hal_msp.o
 .debug_aranges
                0x00000558       0x60 Src\stm32f4xx_it.o
 .debug_aranges
                0x000005b8       0x28 Src\system_stm32f4xx.o
 .debug_aranges
                0x000005e0       0x28 startup\startup_stm32f407xx.o

.debug_ranges   0x00000000      0x5a0
 .debug_ranges  0x00000000       0xe0 Drivers\STM32F4xx_HAL_Driver\Src\stm32f4xx_hal.o
 .debug_ranges  0x000000e0      0x108 Drivers\STM32F4xx_HAL_Driver\Src\stm32f4xx_hal_cortex.o
 .debug_ranges  0x000001e8       0x48 Drivers\STM32F4xx_HAL_Driver\Src\stm32f4xx_hal_gpio.o
 .debug_ranges  0x00000230       0x78 Drivers\STM32F4xx_HAL_Driver\Src\stm32f4xx_hal_rcc.o
 .debug_ranges  0x000002a8      0x220 Drivers\STM32F4xx_HAL_Driver\Src\stm32f4xx_hal_uart.o
 .debug_ranges  0x000004c8       0x30 Src\main.o
 .debug_ranges  0x000004f8       0x20 Src\stm32f4xx_hal_msp.o
 .debug_ranges  0x00000518       0x50 Src\stm32f4xx_it.o
 .debug_ranges  0x00000568       0x18 Src\system_stm32f4xx.o
 .debug_ranges  0x00000580       0x20 startup\startup_stm32f407xx.o

.debug_line     0x00000000     0x36cc
 .debug_line    0x00000000      0x41f Drivers\STM32F4xx_HAL_Driver\Src\stm32f4xx_hal.o
 .debug_line    0x0000041f      0x553 Drivers\STM32F4xx_HAL_Driver\Src\stm32f4xx_hal_cortex.o
 .debug_line    0x00000972      0x404 Drivers\STM32F4xx_HAL_Driver\Src\stm32f4xx_hal_gpio.o
 .debug_line    0x00000d76      0x4c4 Drivers\STM32F4xx_HAL_Driver\Src\stm32f4xx_hal_rcc.o
 .debug_line    0x0000123a     0x1985 Drivers\STM32F4xx_HAL_Driver\Src\stm32f4xx_hal_uart.o
 .debug_line    0x00002bbf      0x3a8 Src\main.o
 .debug_line    0x00002f67      0x271 Src\stm32f4xx_hal_msp.o
 .debug_line    0x000031d8      0x26a Src\stm32f4xx_it.o
 .debug_line    0x00003442      0x209 Src\system_stm32f4xx.o
 .debug_line    0x0000364b       0x81 startup\startup_stm32f407xx.o

.debug_str      0x00000000     0x20ae
 .debug_str     0x00000000      0xb42 Drivers\STM32F4xx_HAL_Driver\Src\stm32f4xx_hal.o
                                0xbab (size before relaxing)
 .debug_str     0x00000b42      0x4ed Drivers\STM32F4xx_HAL_Driver\Src\stm32f4xx_hal_cortex.o
                                0xd2f (size before relaxing)
 .debug_str     0x0000102f      0x1de Drivers\STM32F4xx_HAL_Driver\Src\stm32f4xx_hal_gpio.o
                                0x5f5 (size before relaxing)
 .debug_str     0x0000120d      0x2f4 Drivers\STM32F4xx_HAL_Driver\Src\stm32f4xx_hal_rcc.o
                                0x7ac (size before relaxing)
 .debug_str     0x00001501      0xa29 Drivers\STM32F4xx_HAL_Driver\Src\stm32f4xx_hal_uart.o
                                0xde6 (size before relaxing)
 .debug_str     0x00001f2a       0x7e Src\main.o
                                0xa38 (size before relaxing)
 .debug_str     0x00001fa8       0x1b Src\stm32f4xx_hal_msp.o
                                0x8a4 (size before relaxing)
 .debug_str     0x00001fc3       0xa6 Src\stm32f4xx_it.o
                                0x359 (size before relaxing)
 .debug_str     0x00002069       0x45 Src\system_stm32f4xx.o
                                0x459 (size before relaxing)

.comment        0x00000000       0x7c
 .comment       0x00000000       0x7c Drivers\STM32F4xx_HAL_Driver\Src\stm32f4xx_hal.o
                                 0x7d (size before relaxing)
 .comment       0x0000007c       0x7d Drivers\STM32F4xx_HAL_Driver\Src\stm32f4xx_hal_cortex.o
 .comment       0x0000007c       0x7d Drivers\STM32F4xx_HAL_Driver\Src\stm32f4xx_hal_gpio.o
 .comment       0x0000007c       0x7d Drivers\STM32F4xx_HAL_Driver\Src\stm32f4xx_hal_rcc.o
 .comment       0x0000007c       0x7d Drivers\STM32F4xx_HAL_Driver\Src\stm32f4xx_hal_uart.o
 .comment       0x0000007c       0x7d Src\main.o
 .comment       0x0000007c       0x7d Src\stm32f4xx_hal_msp.o
 .comment       0x0000007c       0x7d Src\stm32f4xx_it.o
 .comment       0x0000007c       0x7d Src\system_stm32f4xx.o

.debug_frame    0x00000000     0x17ac
 .debug_frame   0x00000000      0x374 Drivers\STM32F4xx_HAL_Driver\Src\stm32f4xx_hal.o
 .debug_frame   0x00000374      0x498 Drivers\STM32F4xx_HAL_Driver\Src\stm32f4xx_hal_cortex.o
 .debug_frame   0x0000080c      0x14c Drivers\STM32F4xx_HAL_Driver\Src\stm32f4xx_hal_gpio.o
 .debug_frame   0x00000958      0x1f8 Drivers\STM32F4xx_HAL_Driver\Src\stm32f4xx_hal_rcc.o
 .debug_frame   0x00000b50      0x92c Drivers\STM32F4xx_HAL_Driver\Src\stm32f4xx_hal_uart.o
 .debug_frame   0x0000147c       0xa8 Src\main.o
 .debug_frame   0x00001524       0x80 Src\stm32f4xx_hal_msp.o
 .debug_frame   0x000015a4      0x104 Src\stm32f4xx_it.o
 .debug_frame   0x000016a8       0x58 Src\system_stm32f4xx.o
 .debug_frame   0x00001700       0x2c c:/program files (x86)/atollic/truestudio for stm32 9.3.0/armtools/bin/../lib/gcc/arm-atollic-eabi/6.3.1/../../../../arm-atollic-eabi/lib/armv7e-m/fpu\libc_nano.a(lib_a-init.o)
 .debug_frame   0x0000172c       0x20 c:/program files (x86)/atollic/truestudio for stm32 9.3.0/armtools/bin/../lib/gcc/arm-atollic-eabi/6.3.1/../../../../arm-atollic-eabi/lib/armv7e-m/fpu\libc_nano.a(lib_a-memset.o)
 .debug_frame   0x0000174c       0x2c c:/program files (x86)/atollic/truestudio for stm32 9.3.0/armtools/bin/../lib/gcc/arm-atollic-eabi/6.3.1/armv7e-m/fpu\libgcc.a(_aeabi_uldivmod.o)
 .debug_frame   0x00001778       0x34 c:/program files (x86)/atollic/truestudio for stm32 9.3.0/armtools/bin/../lib/gcc/arm-atollic-eabi/6.3.1/armv7e-m/fpu\libgcc.a(_udivmoddi4.o)
