main.c:92:6:READ_ADC	8	static
main.c:102:10:map	24	static
main.c:109:6:USART2_IRQHandler	16	static
main.c:134:6:uartMessageDebug	32	static
main.c:180:6:forward	4	static
main.c:190:6:back	4	static
main.c:199:6:left	4	static
main.c:209:6:right	4	static
main.c:219:6:stop	4	static
main.c:241:5:main	8	static
main.c:330:6:SystemClock_Config	88	static
main.c:374:13:MX_ADC1_Init	24	static
main.c:424:13:MX_TIM2_Init	56	static
main.c:473:13:MX_TIM3_Init	56	static
main.c:522:13:MX_TIM4_Init	48	static
main.c:583:13:MX_USART1_UART_Init	8	static
main.c:616:13:MX_USART2_UART_Init	8	static
main.c:647:13:MX_DMA_Init	16	static
main.c:665:13:MX_GPIO_Init	24	static
main.c:683:6:Error_Handler	4	static
