main.c:111:5:delay_ms	16	static
main.c:117:6:SysTick_Handler	8	static
main.c:130:6:USART3_IRQHandler	16	static
main.c:159:6:USART2_IRQHandler	16	static
main.c:187:6:uartMessageDebugPid	32	static
main.c:261:6:uartMessageDebugNrf	24	static
main.c:306:6:qtrPidPwm	32	static
main.c:326:6:mapPulse	24	static
main.c:337:10:mapCalculation	24	static
main.c:343:6:stop	4	static
main.c:351:6:right	16	static
main.c:359:6:left	16	static
main.c:370:7:ileriNrf	16	static
main.c:378:6:rightNrf	16	static
main.c:386:6:leftNrf	16	static
main.c:394:6:geriNrf	16	static
main.c:402:6:yukAl	4	static
main.c:408:6:yukBirak	4	static
main.c:414:6:yukStabil	4	static
main.c:419:6:durLedYak	4	static
main.c:424:6:solLedYak	4	static
main.c:429:6:sagLedYak	4	static
main.c:434:6:ledStabil	4	static
main.c:446:5:main	8	static
main.c:531:6:SystemClock_Config	88	static
main.c:575:13:MX_TIM4_Init	48	static
main.c:636:13:MX_USART2_UART_Init	8	static
main.c:669:13:MX_USART3_UART_Init	8	static
main.c:702:13:MX_GPIO_Init	48	static
main.c:736:6:Error_Handler	4	static
