core_cm4.h:1535:22:NVIC_SetPriority	16	static
core_cm4.h:1662:26:SysTick_Config	16	static
main.c:32:6:GPIO_Config	8	static
main.c:77:6:TIM_Config	8	static
main.c:96:6:USART_Config	8	static
main.c:115:6:NVIC_Config	8	static
main.c:128:6:USART2_IRQHandler	16	static
main.c:157:6:uartMessageDebug	32	static
main.c:215:6:USART_Puts	16	static
main.c:225:6:forward	8	static
main.c:232:6:back	8	static
main.c:239:6:right	8	static
main.c:246:6:left	8	static
main.c:253:6:stop	8	static
main.c:261:6:delay_ms	16	static
main.c:267:6:SysTick_Handler	4	static
main.c:272:5:map	24	static
main.c:277:6:main	8	static
main.c:308:6:EVAL_AUDIO_TransferComplete_CallBack	16	static
main.c:314:10:EVAL_AUDIO_GetSampleCallBack	4	static
